   Compiling app_temp v0.1.0 (C:\Users\adamf\OneDrive\Dokumenty\aSTT-RUST\src-tauri)
warning: error finalizing incremental compilation session directory `\\?\C:\Users\adamf\OneDrive\Dokumenty\aSTT-RUST\src-tauri\target\debug\incremental\build_script_build-1h0eon4mu5d54\s-hg5osbnf0i-0h88y7p-working`: Access is denied. (os error 5)
System.Management.Automation.RemoteException
warning: `app_temp` (build script) generated 1 warning
error: very complex type used. Consider factoring parts into `type` definitions
  --> src\sidecar.rs:26:24
   |
26 |     pending_responses: Arc<Mutex<Vec<(u32, tokio::sync::oneshot::Sender<RpcResponse>)>>>,
   |                        ^^^^^^^^^^^^^^^^^^^^^^^^^^^^^^^^^^^^^^^^^^^^^^^^^^^^^^^^^^^^^^^^^
   |
   = help: for further information visit https://rust-lang.github.io/rust-clippy/rust-1.93.0/index.html#type_complexity
   = note: `-D clippy::type-complexity` implied by `-D warnings`
   = help: to override `-D warnings` add `#[allow(clippy::type_complexity)]`
System.Management.Automation.RemoteException
error: enclosing `Ok` and `?` operator are unneeded
  --> src\lib.rs:35:5
   |
35 |     Ok(serde_json::to_value(response).map_err(|e| e.to_string())?)
   |     ^^^^^^^^^^^^^^^^^^^^^^^^^^^^^^^^^^^^^^^^^^^^^^^^^^^^^^^^^^^^^^
   |
   = help: for further information visit https://rust-lang.github.io/rust-clippy/rust-1.93.0/index.html#needless_question_mark
   = note: `-D clippy::needless-question-mark` implied by `-D warnings`
   = help: to override `-D warnings` add `#[allow(clippy::needless_question_mark)]`
help: remove the enclosing `Ok` and `?` operator
   |
35 -     Ok(serde_json::to_value(response).map_err(|e| e.to_string())?)
35 +     serde_json::to_value(response).map_err(|e| e.to_string())
   |
System.Management.Automation.RemoteException
error: enclosing `Ok` and `?` operator are unneeded
  --> src\lib.rs:42:5
   |
42 |     Ok(serde_json::to_value(response).map_err(|e| e.to_string())?)
   |     ^^^^^^^^^^^^^^^^^^^^^^^^^^^^^^^^^^^^^^^^^^^^^^^^^^^^^^^^^^^^^^
   |
   = help: for further information visit https://rust-lang.github.io/rust-clippy/rust-1.93.0/index.html#needless_question_mark
help: remove the enclosing `Ok` and `?` operator
   |
42 -     Ok(serde_json::to_value(response).map_err(|e| e.to_string())?)
42 +     serde_json::to_value(response).map_err(|e| e.to_string())
   |
System.Management.Automation.RemoteException
error: enclosing `Ok` and `?` operator are unneeded
  --> src\lib.rs:49:5
   |
49 |     Ok(serde_json::to_value(response).map_err(|e| e.to_string())?)
   |     ^^^^^^^^^^^^^^^^^^^^^^^^^^^^^^^^^^^^^^^^^^^^^^^^^^^^^^^^^^^^^^
   |
   = help: for further information visit https://rust-lang.github.io/rust-clippy/rust-1.93.0/index.html#needless_question_mark
help: remove the enclosing `Ok` and `?` operator
   |
49 -     Ok(serde_json::to_value(response).map_err(|e| e.to_string())?)
49 +     serde_json::to_value(response).map_err(|e| e.to_string())
   |
System.Management.Automation.RemoteException
error: enclosing `Ok` and `?` operator are unneeded
  --> src\lib.rs:59:5
   |
59 |     Ok(serde_json::to_value(response).map_err(|e| e.to_string())?)
   |     ^^^^^^^^^^^^^^^^^^^^^^^^^^^^^^^^^^^^^^^^^^^^^^^^^^^^^^^^^^^^^^
   |
   = help: for further information visit https://rust-lang.github.io/rust-clippy/rust-1.93.0/index.html#needless_question_mark
help: remove the enclosing `Ok` and `?` operator
   |
59 -     Ok(serde_json::to_value(response).map_err(|e| e.to_string())?)
59 +     serde_json::to_value(response).map_err(|e| e.to_string())
   |
System.Management.Automation.RemoteException
error: could not compile `app_temp` (lib test) due to 5 previous errors
warning: build failed, waiting for other jobs to finish...
error: could not compile `app_temp` (lib) due to 5 previous errors
