
========================================
  Batch Status Verifier v1.0
========================================

PASS: task_status JSON schema validation
WARN: batch[batch.json-first-traceability-p0]: latest matching run is 'vr-740f0e5364b04fb58c6689c703482a10' but registry last_verified.run_id is 'vr-724c30a3a0774258bd88318d1b1b2b95'
WARN: batch[batch.json-first-traceability-p0]: required artifacts have uncommitted changes: docs_control/next_session.json, docs_control/next_session.schema.json, docs_control/traceability.json, docs_control/traceability.schema.json, scripts/generate_control_docs.ps1
WARN: batch[batch.markdownlint-policy-a]: latest matching run is 'vr-80c108c27f904c27af641f2da5045883' but registry last_verified.run_id is 'vr-724c30a3a0774258bd88318d1b1b2b95'
WARN: batch[batch.markdownlint-policy-a]: required artifacts have uncommitted changes: .markdownlint-cli2.yaml, .pre-commit-config.markdownlint-backlog.yaml, .pre-commit-config.yaml, scripts/report_markdownlint_backlog.ps1, scripts/verify_stage.ps1
WARN: batch[batch.vale-policy-b]: latest matching run is 'vr-80c108c27f904c27af641f2da5045883' but registry last_verified.run_id is 'vr-724c30a3a0774258bd88318d1b1b2b95'
WARN: batch[batch.vale-policy-b]: required artifacts have uncommitted changes: .pre-commit-config.yaml, .vale.backlog.ini, .vale.ini, docs_control/vale_backlog_baseline.json, scripts/report_vale_backlog.ps1
WARN: batch[batch.claim-evidence-guard-p0]: latest matching run is 'vr-740f0e5364b04fb58c6689c703482a10' but registry last_verified.run_id is 'vr-724c30a3a0774258bd88318d1b1b2b95'
WARN: batch[batch.claim-evidence-guard-p0]: required artifacts have uncommitted changes: docs_control/task_status.json, docs_control/task_status.schema.json, scripts/preflight_state_discovery.ps1, scripts/validate_workflow_alignment.ps1, scripts/verify_batch_status.ps1
WARN: batch[batch.capability-audit-gate-p0]: latest matching run is 'vr-740f0e5364b04fb58c6689c703482a10' but registry last_verified.run_id is 'vr-3e935137afef47e3a25712431448872d'
WARN: batch[batch.capability-audit-gate-p0]: required artifacts have uncommitted changes: docs_control/capability_audit.json, docs_control/capability_audit.schema.json, scripts/assert_preflight_write_guard.ps1, scripts/validate_capability_audit.ps1, scripts/validate_workflow_alignment.ps1
Batch status verification summary:
  batches: 5
  errors: 0
  warnings: 10
  summary json: logs/verify/batch_status_verify_summary.json
--- BATCH STATUS VERIFICATION PASSED ---
