Running required check: Traceability validation

========================================
  Traceability Validator v1.0
========================================

PASS: JSON schema validation

========================================
  Summary
========================================
  Entity counts: specs=1, plans=1, tasks=3, code_refs=8, tests=3, docs=6, logs=1, evidence=2
  Links: 3
  Warnings: 0
  Errors: 0
========================================

--- TRACEABILITY VALIDATION PASSED ---
Running required check: NEXT_SESSION validation

========================================
  NEXT_SESSION Validator v3.0 (JSON-first)
========================================

PASS: JSON schema validation
PASS: lifecycle_state = ROZPRACOVANE
FRESH: .\docs\generated\control\NEXT_SESSION.md
FRESH: .\docs\generated\control\TRACEABILITY_SUMMARY.md
Control docs stale-check PASS
PASS: generated control docs freshness

========================================
  Summary
========================================
  Warnings: 0
  Errors: 0
========================================

--- NEXT_SESSION VALIDATION PASSED ---
Running required check: Control docs stale-check
PASS: preflight write guard (generate_control_docs) [max_age=120m]
Unchanged: C:\Users\adamf\OneDrive\Dokumenty\aSTT-RUST\docs\generated\control\NEXT_SESSION.md
Unchanged: C:\Users\adamf\OneDrive\Dokumenty\aSTT-RUST\docs\generated\control\TRACEABILITY_SUMMARY.md
Control docs generation completed.
