2026-02-19 09:07 UPDATED C:\Users\adamf\OneDrive\Dokumenty\aSTT-RUST\docs\inventory-refactor-playbook.md v0.76
2026-02-19 09:07 UPDATED C:\Users\adamf\OneDrive\Dokumenty\aSTT-RUST\GOVERNANCE.md v1.95
2026-02-19 09:07 UPDATED C:\Users\adamf\OneDrive\Dokumenty\aSTT-RUST\INDEX.md v1.88
2026-02-19 09:07 UPDATED C:\Users\adamf\OneDrive\Dokumenty\aSTT-RUST\docs\inventory-refactor-playbook.md v0.77
2026-02-19 09:07 UPDATED C:\Users\adamf\OneDrive\Dokumenty\aSTT-RUST\docs\inventory-refactor-playbook.md v0.78
2026-02-19 09:07 UPDATED C:\Users\adamf\OneDrive\Dokumenty\aSTT-RUST\GOVERNANCE.md v1.96
2026-02-19 09:07 UPDATED C:\Users\adamf\OneDrive\Dokumenty\aSTT-RUST\INDEX.md v1.89
2026-02-19 09:07 UPDATED C:\Users\adamf\OneDrive\Dokumenty\aSTT-RUST\docs\inventory-refactor-playbook.md v0.79
2026-02-19 09:07 UPDATED C:\Users\adamf\OneDrive\Dokumenty\aSTT-RUST\docs\inventory-refactor-playbook.md v0.80
2026-02-19 09:07 UPDATED C:\Users\adamf\OneDrive\Dokumenty\aSTT-RUST\GOVERNANCE.md v1.97
2026-02-19 09:07 UPDATED C:\Users\adamf\OneDrive\Dokumenty\aSTT-RUST\INDEX.md v1.90
2026-02-19 09:07 UPDATED C:\Users\adamf\OneDrive\Dokumenty\aSTT-RUST\docs\inventory-refactor-playbook.md v0.81
2026-02-19 09:08 UPDATED C:\Users\adamf\OneDrive\Dokumenty\aSTT-RUST\docs\inventory-refactor-playbook.md v0.82
2026-02-19 09:08 UPDATED C:\Users\adamf\OneDrive\Dokumenty\aSTT-RUST\GOVERNANCE.md v1.98
2026-02-19 09:08 UPDATED C:\Users\adamf\OneDrive\Dokumenty\aSTT-RUST\INDEX.md v1.91
2026-02-19 09:08 UPDATED C:\Users\adamf\OneDrive\Dokumenty\aSTT-RUST\docs\inventory-refactor-playbook.md v0.83
2026-02-19 09:08 UPDATED C:\Users\adamf\OneDrive\Dokumenty\aSTT-RUST\docs\inventory-refactor-playbook.md v0.84
2026-02-19 09:08 UPDATED C:\Users\adamf\OneDrive\Dokumenty\aSTT-RUST\GOVERNANCE.md v1.99
2026-02-19 09:08 UPDATED C:\Users\adamf\OneDrive\Dokumenty\aSTT-RUST\INDEX.md v1.92
2026-02-19 09:08 UPDATED C:\Users\adamf\OneDrive\Dokumenty\aSTT-RUST\docs\inventory-refactor-playbook.md v0.85
2026-02-19 09:08 UPDATED C:\Users\adamf\OneDrive\Dokumenty\aSTT-RUST\docs\inventory-refactor-playbook.md v0.86
2026-02-19 09:08 UPDATED C:\Users\adamf\OneDrive\Dokumenty\aSTT-RUST\GOVERNANCE.md v1.100
2026-02-19 09:08 UPDATED C:\Users\adamf\OneDrive\Dokumenty\aSTT-RUST\INDEX.md v1.93
2026-02-19 09:08 UPDATED C:\Users\adamf\OneDrive\Dokumenty\aSTT-RUST\docs\inventory-refactor-playbook.md v0.87
2026-02-19 09:08 UPDATED C:\Users\adamf\OneDrive\Dokumenty\aSTT-RUST\docs\inventory-refactor-playbook.md v0.88
2026-02-19 09:08 UPDATED C:\Users\adamf\OneDrive\Dokumenty\aSTT-RUST\GOVERNANCE.md v1.101
2026-02-19 09:08 UPDATED C:\Users\adamf\OneDrive\Dokumenty\aSTT-RUST\INDEX.md v1.94
2026-02-19 09:08 UPDATED C:\Users\adamf\OneDrive\Dokumenty\aSTT-RUST\docs\inventory-refactor-playbook.md v0.89
2026-02-19 09:08 UPDATED C:\Users\adamf\OneDrive\Dokumenty\aSTT-RUST\docs\inventory-refactor-playbook.md v0.90
2026-02-19 09:08 UPDATED C:\Users\adamf\OneDrive\Dokumenty\aSTT-RUST\GOVERNANCE.md v1.102
2026-02-19 09:08 UPDATED C:\Users\adamf\OneDrive\Dokumenty\aSTT-RUST\INDEX.md v1.95
2026-02-19 09:08 UPDATED C:\Users\adamf\OneDrive\Dokumenty\aSTT-RUST\docs\inventory-refactor-playbook.md v0.91
2026-02-19 09:09 UPDATED C:\Users\adamf\OneDrive\Dokumenty\aSTT-RUST\docs\inventory-refactor-playbook.md v0.92
2026-02-19 09:09 UPDATED C:\Users\adamf\OneDrive\Dokumenty\aSTT-RUST\GOVERNANCE.md v1.103
2026-02-19 09:09 UPDATED C:\Users\adamf\OneDrive\Dokumenty\aSTT-RUST\INDEX.md v1.96
2026-02-19 09:09 UPDATED C:\Users\adamf\OneDrive\Dokumenty\aSTT-RUST\docs\inventory-refactor-playbook.md v0.93
2026-02-19 09:09 UPDATED C:\Users\adamf\OneDrive\Dokumenty\aSTT-RUST\docs\inventory-refactor-playbook.md v0.94
2026-02-19 09:09 UPDATED C:\Users\adamf\OneDrive\Dokumenty\aSTT-RUST\GOVERNANCE.md v1.104
2026-02-19 09:09 UPDATED C:\Users\adamf\OneDrive\Dokumenty\aSTT-RUST\INDEX.md v1.97
2026-02-19 09:09 UPDATED C:\Users\adamf\OneDrive\Dokumenty\aSTT-RUST\docs\inventory-refactor-playbook.md v0.95
2026-02-19 09:09 UPDATED C:\Users\adamf\OneDrive\Dokumenty\aSTT-RUST\docs\inventory-refactor-playbook.md v0.96
2026-02-19 09:09 UPDATED C:\Users\adamf\OneDrive\Dokumenty\aSTT-RUST\GOVERNANCE.md v1.105
2026-02-19 09:09 UPDATED C:\Users\adamf\OneDrive\Dokumenty\aSTT-RUST\INDEX.md v1.98
2026-02-19 09:09 UPDATED C:\Users\adamf\OneDrive\Dokumenty\aSTT-RUST\docs\inventory-refactor-playbook.md v0.97
2026-02-19 09:09 UPDATED C:\Users\adamf\OneDrive\Dokumenty\aSTT-RUST\docs\inventory-refactor-playbook.md v0.98
2026-02-19 09:09 UPDATED C:\Users\adamf\OneDrive\Dokumenty\aSTT-RUST\GOVERNANCE.md v1.106
2026-02-19 09:09 UPDATED C:\Users\adamf\OneDrive\Dokumenty\aSTT-RUST\INDEX.md v1.99
2026-02-19 09:09 UPDATED C:\Users\adamf\OneDrive\Dokumenty\aSTT-RUST\docs\inventory-refactor-playbook.md v0.99
2026-02-19 09:09 UPDATED C:\Users\adamf\OneDrive\Dokumenty\aSTT-RUST\docs\inventory-refactor-playbook.md v0.100
2026-02-19 09:09 UPDATED C:\Users\adamf\OneDrive\Dokumenty\aSTT-RUST\GOVERNANCE.md v1.107
2026-02-19 09:09 UPDATED C:\Users\adamf\OneDrive\Dokumenty\aSTT-RUST\INDEX.md v1.100
2026-02-19 09:09 UPDATED C:\Users\adamf\OneDrive\Dokumenty\aSTT-RUST\docs\inventory-refactor-playbook.md v0.101
2026-02-19 09:10 UPDATED C:\Users\adamf\OneDrive\Dokumenty\aSTT-RUST\docs\inventory-refactor-playbook.md v0.102
2026-02-19 09:10 UPDATED C:\Users\adamf\OneDrive\Dokumenty\aSTT-RUST\GOVERNANCE.md v1.108
2026-02-19 09:10 UPDATED C:\Users\adamf\OneDrive\Dokumenty\aSTT-RUST\INDEX.md v1.101
2026-02-19 09:10 UPDATED C:\Users\adamf\OneDrive\Dokumenty\aSTT-RUST\docs\inventory-refactor-playbook.md v0.103
2026-02-19 09:10 UPDATED C:\Users\adamf\OneDrive\Dokumenty\aSTT-RUST\docs\inventory-refactor-playbook.md v0.104
2026-02-19 09:10 UPDATED C:\Users\adamf\OneDrive\Dokumenty\aSTT-RUST\GOVERNANCE.md v1.109
2026-02-19 09:10 UPDATED C:\Users\adamf\OneDrive\Dokumenty\aSTT-RUST\INDEX.md v1.102
2026-02-19 09:10 UPDATED C:\Users\adamf\OneDrive\Dokumenty\aSTT-RUST\docs\inventory-refactor-playbook.md v0.105
2026-02-19 09:10 UPDATED C:\Users\adamf\OneDrive\Dokumenty\aSTT-RUST\docs\inventory-refactor-playbook.md v0.106
2026-02-19 09:10 UPDATED C:\Users\adamf\OneDrive\Dokumenty\aSTT-RUST\GOVERNANCE.md v1.110
2026-02-19 09:10 UPDATED C:\Users\adamf\OneDrive\Dokumenty\aSTT-RUST\INDEX.md v1.103
2026-02-19 09:10 UPDATED C:\Users\adamf\OneDrive\Dokumenty\aSTT-RUST\docs\inventory-refactor-playbook.md v0.107
2026-02-19 09:10 UPDATED C:\Users\adamf\OneDrive\Dokumenty\aSTT-RUST\docs\inventory-refactor-playbook.md v0.108
2026-02-19 09:10 UPDATED C:\Users\adamf\OneDrive\Dokumenty\aSTT-RUST\GOVERNANCE.md v1.111
2026-02-19 09:10 UPDATED C:\Users\adamf\OneDrive\Dokumenty\aSTT-RUST\INDEX.md v1.104
2026-02-19 09:10 UPDATED C:\Users\adamf\OneDrive\Dokumenty\aSTT-RUST\docs\inventory-refactor-playbook.md v0.109
2026-02-19 09:10 UPDATED C:\Users\adamf\OneDrive\Dokumenty\aSTT-RUST\docs\inventory-refactor-playbook.md v0.110
2026-02-19 09:10 UPDATED C:\Users\adamf\OneDrive\Dokumenty\aSTT-RUST\GOVERNANCE.md v1.112
2026-02-19 09:10 UPDATED C:\Users\adamf\OneDrive\Dokumenty\aSTT-RUST\INDEX.md v1.105
2026-02-19 09:10 UPDATED C:\Users\adamf\OneDrive\Dokumenty\aSTT-RUST\docs\inventory-refactor-playbook.md v0.111
2026-02-19 09:11 UPDATED C:\Users\adamf\OneDrive\Dokumenty\aSTT-RUST\docs\inventory-refactor-playbook.md v0.112
2026-02-19 09:11 UPDATED C:\Users\adamf\OneDrive\Dokumenty\aSTT-RUST\GOVERNANCE.md v1.113
2026-02-19 09:11 UPDATED C:\Users\adamf\OneDrive\Dokumenty\aSTT-RUST\INDEX.md v1.106
2026-02-19 09:11 UPDATED C:\Users\adamf\OneDrive\Dokumenty\aSTT-RUST\docs\inventory-refactor-playbook.md v0.113
2026-02-19 09:11 UPDATED C:\Users\adamf\OneDrive\Dokumenty\aSTT-RUST\docs\inventory-refactor-playbook.md v0.114
2026-02-19 09:11 UPDATED C:\Users\adamf\OneDrive\Dokumenty\aSTT-RUST\GOVERNANCE.md v1.114
2026-02-19 09:11 UPDATED C:\Users\adamf\OneDrive\Dokumenty\aSTT-RUST\INDEX.md v1.107
2026-02-19 09:11 UPDATED C:\Users\adamf\OneDrive\Dokumenty\aSTT-RUST\docs\inventory-refactor-playbook.md v0.115
2026-02-19 09:11 UPDATED C:\Users\adamf\OneDrive\Dokumenty\aSTT-RUST\docs\inventory-refactor-playbook.md v0.116
2026-02-19 09:11 UPDATED C:\Users\adamf\OneDrive\Dokumenty\aSTT-RUST\GOVERNANCE.md v1.115
2026-02-19 09:11 UPDATED C:\Users\adamf\OneDrive\Dokumenty\aSTT-RUST\INDEX.md v1.108
2026-02-19 09:11 UPDATED C:\Users\adamf\OneDrive\Dokumenty\aSTT-RUST\docs\inventory-refactor-playbook.md v0.117
2026-02-19 09:11 UPDATED C:\Users\adamf\OneDrive\Dokumenty\aSTT-RUST\docs\inventory-refactor-playbook.md v0.118
2026-02-19 09:11 UPDATED C:\Users\adamf\OneDrive\Dokumenty\aSTT-RUST\GOVERNANCE.md v1.116
2026-02-19 09:11 UPDATED C:\Users\adamf\OneDrive\Dokumenty\aSTT-RUST\INDEX.md v1.109
2026-02-19 09:11 UPDATED C:\Users\adamf\OneDrive\Dokumenty\aSTT-RUST\docs\inventory-refactor-playbook.md v0.119
2026-02-19 09:11 UPDATED C:\Users\adamf\OneDrive\Dokumenty\aSTT-RUST\docs\inventory-refactor-playbook.md v0.120
2026-02-19 09:11 UPDATED C:\Users\adamf\OneDrive\Dokumenty\aSTT-RUST\GOVERNANCE.md v1.117
2026-02-19 09:11 UPDATED C:\Users\adamf\OneDrive\Dokumenty\aSTT-RUST\INDEX.md v1.110
2026-02-19 09:11 UPDATED C:\Users\adamf\OneDrive\Dokumenty\aSTT-RUST\docs\inventory-refactor-playbook.md v0.121
2026-02-19 09:12 UPDATED C:\Users\adamf\OneDrive\Dokumenty\aSTT-RUST\docs\inventory-refactor-playbook.md v0.122
2026-02-19 09:12 UPDATED C:\Users\adamf\OneDrive\Dokumenty\aSTT-RUST\GOVERNANCE.md v1.118
2026-02-19 09:12 UPDATED C:\Users\adamf\OneDrive\Dokumenty\aSTT-RUST\INDEX.md v1.111
2026-02-19 09:12 UPDATED C:\Users\adamf\OneDrive\Dokumenty\aSTT-RUST\docs\inventory-refactor-playbook.md v0.123
2026-02-19 09:12 UPDATED C:\Users\adamf\OneDrive\Dokumenty\aSTT-RUST\docs\inventory-refactor-playbook.md v0.124
2026-02-19 09:12 UPDATED C:\Users\adamf\OneDrive\Dokumenty\aSTT-RUST\GOVERNANCE.md v1.119
2026-02-19 09:12 UPDATED C:\Users\adamf\OneDrive\Dokumenty\aSTT-RUST\INDEX.md v1.112
2026-02-19 09:12 UPDATED C:\Users\adamf\OneDrive\Dokumenty\aSTT-RUST\docs\inventory-refactor-playbook.md v0.125
2026-02-19 09:12 UPDATED C:\Users\adamf\OneDrive\Dokumenty\aSTT-RUST\docs\inventory-refactor-playbook.md v0.126
2026-02-19 09:12 UPDATED C:\Users\adamf\OneDrive\Dokumenty\aSTT-RUST\GOVERNANCE.md v1.120
2026-02-19 09:12 UPDATED C:\Users\adamf\OneDrive\Dokumenty\aSTT-RUST\INDEX.md v1.113
2026-02-19 09:12 UPDATED C:\Users\adamf\OneDrive\Dokumenty\aSTT-RUST\docs\inventory-refactor-playbook.md v0.127
2026-02-19 09:12 UPDATED C:\Users\adamf\OneDrive\Dokumenty\aSTT-RUST\docs\inventory-refactor-playbook.md v0.128
2026-02-19 09:12 UPDATED C:\Users\adamf\OneDrive\Dokumenty\aSTT-RUST\GOVERNANCE.md v1.121
2026-02-19 09:12 UPDATED C:\Users\adamf\OneDrive\Dokumenty\aSTT-RUST\INDEX.md v1.114
2026-02-19 09:12 UPDATED C:\Users\adamf\OneDrive\Dokumenty\aSTT-RUST\docs\inventory-refactor-playbook.md v0.129
2026-02-19 09:12 UPDATED C:\Users\adamf\OneDrive\Dokumenty\aSTT-RUST\docs\inventory-refactor-playbook.md v0.130
2026-02-19 09:12 UPDATED C:\Users\adamf\OneDrive\Dokumenty\aSTT-RUST\GOVERNANCE.md v1.122
2026-02-19 09:12 UPDATED C:\Users\adamf\OneDrive\Dokumenty\aSTT-RUST\INDEX.md v1.115
2026-02-19 09:12 UPDATED C:\Users\adamf\OneDrive\Dokumenty\aSTT-RUST\docs\inventory-refactor-playbook.md v0.131
2026-02-19 09:13 UPDATED C:\Users\adamf\OneDrive\Dokumenty\aSTT-RUST\docs\inventory-refactor-playbook.md v0.132
2026-02-19 09:13 UPDATED C:\Users\adamf\OneDrive\Dokumenty\aSTT-RUST\GOVERNANCE.md v1.123
2026-02-19 09:13 UPDATED C:\Users\adamf\OneDrive\Dokumenty\aSTT-RUST\INDEX.md v1.116
2026-02-19 09:13 UPDATED C:\Users\adamf\OneDrive\Dokumenty\aSTT-RUST\docs\inventory-refactor-playbook.md v0.133
2026-02-19 09:13 UPDATED C:\Users\adamf\OneDrive\Dokumenty\aSTT-RUST\docs\inventory-refactor-playbook.md v0.134
2026-02-19 09:13 UPDATED C:\Users\adamf\OneDrive\Dokumenty\aSTT-RUST\GOVERNANCE.md v1.124
2026-02-19 09:13 UPDATED C:\Users\adamf\OneDrive\Dokumenty\aSTT-RUST\INDEX.md v1.117
2026-02-19 09:13 UPDATED C:\Users\adamf\OneDrive\Dokumenty\aSTT-RUST\docs\inventory-refactor-playbook.md v0.135
2026-02-19 09:13 UPDATED C:\Users\adamf\OneDrive\Dokumenty\aSTT-RUST\docs\inventory-refactor-playbook.md v0.136
2026-02-19 09:13 UPDATED C:\Users\adamf\OneDrive\Dokumenty\aSTT-RUST\GOVERNANCE.md v1.125
2026-02-19 09:13 UPDATED C:\Users\adamf\OneDrive\Dokumenty\aSTT-RUST\INDEX.md v1.118
2026-02-19 09:13 UPDATED C:\Users\adamf\OneDrive\Dokumenty\aSTT-RUST\docs\inventory-refactor-playbook.md v0.137
2026-02-19 09:13 UPDATED C:\Users\adamf\OneDrive\Dokumenty\aSTT-RUST\docs\inventory-refactor-playbook.md v0.138
2026-02-19 09:13 UPDATED C:\Users\adamf\OneDrive\Dokumenty\aSTT-RUST\GOVERNANCE.md v1.126
2026-02-19 09:13 UPDATED C:\Users\adamf\OneDrive\Dokumenty\aSTT-RUST\INDEX.md v1.119
2026-02-19 09:13 UPDATED C:\Users\adamf\OneDrive\Dokumenty\aSTT-RUST\docs\inventory-refactor-playbook.md v0.139
2026-02-19 09:13 UPDATED C:\Users\adamf\OneDrive\Dokumenty\aSTT-RUST\docs\inventory-refactor-playbook.md v0.140
2026-02-19 09:13 UPDATED C:\Users\adamf\OneDrive\Dokumenty\aSTT-RUST\GOVERNANCE.md v1.127
2026-02-19 09:13 UPDATED C:\Users\adamf\OneDrive\Dokumenty\aSTT-RUST\INDEX.md v1.120
2026-02-19 09:13 UPDATED C:\Users\adamf\OneDrive\Dokumenty\aSTT-RUST\docs\inventory-refactor-playbook.md v0.141
2026-02-19 09:14 UPDATED C:\Users\adamf\OneDrive\Dokumenty\aSTT-RUST\docs\inventory-refactor-playbook.md v0.142
2026-02-19 09:14 UPDATED C:\Users\adamf\OneDrive\Dokumenty\aSTT-RUST\GOVERNANCE.md v1.128
2026-02-19 09:14 UPDATED C:\Users\adamf\OneDrive\Dokumenty\aSTT-RUST\INDEX.md v1.121
2026-02-19 09:14 UPDATED C:\Users\adamf\OneDrive\Dokumenty\aSTT-RUST\docs\inventory-refactor-playbook.md v0.143
2026-02-19 09:14 UPDATED C:\Users\adamf\OneDrive\Dokumenty\aSTT-RUST\docs\inventory-refactor-playbook.md v0.144
2026-02-19 09:14 UPDATED C:\Users\adamf\OneDrive\Dokumenty\aSTT-RUST\GOVERNANCE.md v1.129
2026-02-19 09:14 UPDATED C:\Users\adamf\OneDrive\Dokumenty\aSTT-RUST\INDEX.md v1.122
2026-02-19 09:14 UPDATED C:\Users\adamf\OneDrive\Dokumenty\aSTT-RUST\docs\inventory-refactor-playbook.md v0.145
2026-02-19 09:14 UPDATED C:\Users\adamf\OneDrive\Dokumenty\aSTT-RUST\docs\inventory-refactor-playbook.md v0.146
2026-02-19 09:14 UPDATED C:\Users\adamf\OneDrive\Dokumenty\aSTT-RUST\GOVERNANCE.md v1.130
2026-02-19 09:14 UPDATED C:\Users\adamf\OneDrive\Dokumenty\aSTT-RUST\INDEX.md v1.123
2026-02-19 09:14 UPDATED C:\Users\adamf\OneDrive\Dokumenty\aSTT-RUST\docs\inventory-refactor-playbook.md v0.147
2026-02-19 09:14 UPDATED C:\Users\adamf\OneDrive\Dokumenty\aSTT-RUST\docs\inventory-refactor-playbook.md v0.148
2026-02-19 09:14 UPDATED C:\Users\adamf\OneDrive\Dokumenty\aSTT-RUST\GOVERNANCE.md v1.131
2026-02-19 09:14 UPDATED C:\Users\adamf\OneDrive\Dokumenty\aSTT-RUST\INDEX.md v1.124
2026-02-19 09:14 UPDATED C:\Users\adamf\OneDrive\Dokumenty\aSTT-RUST\docs\inventory-refactor-playbook.md v0.149
2026-02-19 09:14 UPDATED C:\Users\adamf\OneDrive\Dokumenty\aSTT-RUST\docs\inventory-refactor-playbook.md v0.150
2026-02-19 09:14 UPDATED C:\Users\adamf\OneDrive\Dokumenty\aSTT-RUST\GOVERNANCE.md v1.132
2026-02-19 09:14 UPDATED C:\Users\adamf\OneDrive\Dokumenty\aSTT-RUST\INDEX.md v1.125
2026-02-19 09:14 UPDATED C:\Users\adamf\OneDrive\Dokumenty\aSTT-RUST\docs\inventory-refactor-playbook.md v0.151
2026-02-19 09:15 UPDATED C:\Users\adamf\OneDrive\Dokumenty\aSTT-RUST\docs\inventory-refactor-playbook.md v0.152
2026-02-19 09:15 UPDATED C:\Users\adamf\OneDrive\Dokumenty\aSTT-RUST\GOVERNANCE.md v1.133
2026-02-19 09:15 UPDATED C:\Users\adamf\OneDrive\Dokumenty\aSTT-RUST\INDEX.md v1.126
2026-02-19 09:15 UPDATED C:\Users\adamf\OneDrive\Dokumenty\aSTT-RUST\docs\inventory-refactor-playbook.md v0.153
2026-02-19 09:15 UPDATED C:\Users\adamf\OneDrive\Dokumenty\aSTT-RUST\docs\inventory-refactor-playbook.md v0.154
2026-02-19 09:15 UPDATED C:\Users\adamf\OneDrive\Dokumenty\aSTT-RUST\GOVERNANCE.md v1.134
2026-02-19 09:15 UPDATED C:\Users\adamf\OneDrive\Dokumenty\aSTT-RUST\INDEX.md v1.127
2026-02-19 09:15 UPDATED C:\Users\adamf\OneDrive\Dokumenty\aSTT-RUST\docs\inventory-refactor-playbook.md v0.155
2026-02-19 09:15 UPDATED C:\Users\adamf\OneDrive\Dokumenty\aSTT-RUST\docs\inventory-refactor-playbook.md v0.156
2026-02-19 09:15 UPDATED C:\Users\adamf\OneDrive\Dokumenty\aSTT-RUST\GOVERNANCE.md v1.135
2026-02-19 09:15 UPDATED C:\Users\adamf\OneDrive\Dokumenty\aSTT-RUST\INDEX.md v1.128
2026-02-19 09:15 UPDATED C:\Users\adamf\OneDrive\Dokumenty\aSTT-RUST\docs\inventory-refactor-playbook.md v0.157
2026-02-19 09:15 UPDATED C:\Users\adamf\OneDrive\Dokumenty\aSTT-RUST\docs\inventory-refactor-playbook.md v0.158
2026-02-19 09:15 UPDATED C:\Users\adamf\OneDrive\Dokumenty\aSTT-RUST\GOVERNANCE.md v1.136
2026-02-19 09:15 UPDATED C:\Users\adamf\OneDrive\Dokumenty\aSTT-RUST\INDEX.md v1.129
2026-02-19 09:15 UPDATED C:\Users\adamf\OneDrive\Dokumenty\aSTT-RUST\docs\inventory-refactor-playbook.md v0.159
2026-02-19 09:15 UPDATED C:\Users\adamf\OneDrive\Dokumenty\aSTT-RUST\docs\inventory-refactor-playbook.md v0.160
2026-02-19 09:15 UPDATED C:\Users\adamf\OneDrive\Dokumenty\aSTT-RUST\GOVERNANCE.md v1.137
2026-02-19 09:15 UPDATED C:\Users\adamf\OneDrive\Dokumenty\aSTT-RUST\INDEX.md v1.130
2026-02-19 09:15 UPDATED C:\Users\adamf\OneDrive\Dokumenty\aSTT-RUST\docs\inventory-refactor-playbook.md v0.161
2026-02-19 09:16 UPDATED C:\Users\adamf\OneDrive\Dokumenty\aSTT-RUST\GOVERNANCE.md v1.138
2026-02-19 09:16 UPDATED C:\Users\adamf\OneDrive\Dokumenty\aSTT-RUST\INDEX.md v1.131
2026-02-19 09:16 UPDATED C:\Users\adamf\OneDrive\Dokumenty\aSTT-RUST\docs\inventory-refactor-playbook.md v0.162
2026-02-19 09:16 UPDATED C:\Users\adamf\OneDrive\Dokumenty\aSTT-RUST\GOVERNANCE.md v1.139
2026-02-19 09:16 UPDATED C:\Users\adamf\OneDrive\Dokumenty\aSTT-RUST\INDEX.md v1.132
2026-02-19 09:16 UPDATED C:\Users\adamf\OneDrive\Dokumenty\aSTT-RUST\docs\inventory-refactor-playbook.md v0.163
2026-02-19 09:16 UPDATED C:\Users\adamf\OneDrive\Dokumenty\aSTT-RUST\GOVERNANCE.md v1.140
2026-02-19 09:16 UPDATED C:\Users\adamf\OneDrive\Dokumenty\aSTT-RUST\INDEX.md v1.133
2026-02-19 09:16 UPDATED C:\Users\adamf\OneDrive\Dokumenty\aSTT-RUST\docs\inventory-refactor-playbook.md v0.164
2026-02-19 09:16 UPDATED C:\Users\adamf\OneDrive\Dokumenty\aSTT-RUST\GOVERNANCE.md v1.141
2026-02-19 09:16 UPDATED C:\Users\adamf\OneDrive\Dokumenty\aSTT-RUST\INDEX.md v1.134
2026-02-19 09:16 UPDATED C:\Users\adamf\OneDrive\Dokumenty\aSTT-RUST\docs\inventory-refactor-playbook.md v0.165
2026-02-19 09:16 UPDATED C:\Users\adamf\OneDrive\Dokumenty\aSTT-RUST\GOVERNANCE.md v1.142
2026-02-19 09:16 UPDATED C:\Users\adamf\OneDrive\Dokumenty\aSTT-RUST\INDEX.md v1.135
2026-02-19 09:16 UPDATED C:\Users\adamf\OneDrive\Dokumenty\aSTT-RUST\GOVERNANCE.md v1.143
2026-02-19 09:16 UPDATED C:\Users\adamf\OneDrive\Dokumenty\aSTT-RUST\INDEX.md v1.136
2026-02-19 09:27 UPDATED C:\Users\adamf\OneDrive\Dokumenty\aSTT-RUST\NEXT_SESSION_Archive\NEXT_SESSION.md v2.6
2026-02-19 09:27 UPDATED C:\Users\adamf\OneDrive\Dokumenty\aSTT-RUST\NEXT_SESSION_Archive\NEXT_SESSION-2026-02-17--14-44.md v2.7
2026-02-19 09:28 UPDATED C:\Users\adamf\OneDrive\Dokumenty\aSTT-RUST\NEXT_SESSION.md v3.1
2026-02-19 09:33 UPDATED C:\Users\adamf\OneDrive\Dokumenty\aSTT-RUST\INDEX.md v1.137
2026-02-19 09:33 UPDATED C:\Users\adamf\OneDrive\Dokumenty\aSTT-RUST\GOVERNANCE.md v1.144
2026-02-19 09:35 UPDATED C:\Users\adamf\OneDrive\Dokumenty\aSTT-RUST\GOVERNANCE.md v1.145
2026-02-19 09:35 UPDATED C:\Users\adamf\OneDrive\Dokumenty\aSTT-RUST\NEXT_SESSION.md v3.2
2026-02-19 09:39 UPDATED C:\Users\adamf\OneDrive\Dokumenty\aSTT-RUST\CONSTITUTION.md v1.3
2026-02-19 09:39 UPDATED C:\Users\adamf\OneDrive\Dokumenty\aSTT-RUST\VISION.md v1.3
2026-02-19 09:39 UPDATED C:\Users\adamf\OneDrive\Dokumenty\aSTT-RUST\NEXT_SESSION.md v3.3
2026-02-19 10:31 UPDATED C:\Users\adamf\OneDrive\Dokumenty\aSTT-RUST\NEXT_SESSION.md v3.4
2026-02-20 13:55 MODIFIED C:\Users\adamf\OneDrive\Dokumenty\aSTT-RUST\help.md (Prostředí)
