2026-02-19 06:14:46 WATCHER_START pid=675296 root=C:\Users\adamf\OneDrive\Dokumenty\aSTT-RUST
2026-02-19 06:15:06 UPDATED path=C:\Users\adamf\OneDrive\Dokumenty\aSTT-RUST\test\runonsave-test.md
2026-02-19 06:18:07 UPDATED path=C:\Users\adamf\OneDrive\Dokumenty\aSTT-RUST\test\runonsave-test.md
2026-02-19 06:18:17 UPDATED path=C:\Users\adamf\OneDrive\Dokumenty\aSTT-RUST\test\runonsave-test.md
2026-02-19 06:19:08 UPDATED path=C:\Users\adamf\OneDrive\Dokumenty\aSTT-RUST\test\runonsave-test.md
2026-02-19 08:31:16 UPDATED path=C:\Users\adamf\OneDrive\Dokumenty\aSTT-RUST\docs\software-inventory.md
2026-02-19 08:31:16 UPDATED path=C:\Users\adamf\OneDrive\Dokumenty\aSTT-RUST\docs\software-audit-method.md
2026-02-19 08:41:07 UPDATED path=C:\Users\adamf\OneDrive\Dokumenty\aSTT-RUST\docs\software-inventory.md
2026-02-19 08:41:08 UPDATED path=C:\Users\adamf\OneDrive\Dokumenty\aSTT-RUST\docs\software-audit-method.md
2026-02-19 08:44:38 UPDATED path=C:\Users\adamf\OneDrive\Dokumenty\aSTT-RUST\docs\software-inventory.md
2026-02-19 08:44:39 UPDATED path=C:\Users\adamf\OneDrive\Dokumenty\aSTT-RUST\docs\software-audit-method.md
2026-02-19 08:54:50 UPDATED path=C:\Users\adamf\OneDrive\Dokumenty\aSTT-RUST\docs\inventory-refactor-playbook.md
2026-02-19 08:54:50 UPDATED path=C:\Users\adamf\OneDrive\Dokumenty\aSTT-RUST\GOVERNANCE.md
2026-02-19 08:54:51 UPDATED path=C:\Users\adamf\OneDrive\Dokumenty\aSTT-RUST\INDEX.md
2026-02-19 08:54:51 UPDATED path=C:\Users\adamf\OneDrive\Dokumenty\aSTT-RUST\docs\inventory-refactor-playbook.md
2026-02-19 08:54:52 UPDATED path=C:\Users\adamf\OneDrive\Dokumenty\aSTT-RUST\GOVERNANCE.md
2026-02-19 08:54:52 UPDATED path=C:\Users\adamf\OneDrive\Dokumenty\aSTT-RUST\INDEX.md
2026-02-19 08:55:03 UPDATED path=C:\Users\adamf\OneDrive\Dokumenty\aSTT-RUST\INDEX.md
2026-02-19 08:55:03 UPDATED path=C:\Users\adamf\OneDrive\Dokumenty\aSTT-RUST\docs\inventory-refactor-playbook.md
2026-02-19 08:55:03 UPDATED path=C:\Users\adamf\OneDrive\Dokumenty\aSTT-RUST\GOVERNANCE.md
2026-02-19 08:55:04 UPDATED path=C:\Users\adamf\OneDrive\Dokumenty\aSTT-RUST\INDEX.md
2026-02-19 08:55:14 UPDATED path=C:\Users\adamf\OneDrive\Dokumenty\aSTT-RUST\INDEX.md
2026-02-19 08:55:15 UPDATED path=C:\Users\adamf\OneDrive\Dokumenty\aSTT-RUST\docs\inventory-refactor-playbook.md
2026-02-19 08:55:15 UPDATED path=C:\Users\adamf\OneDrive\Dokumenty\aSTT-RUST\GOVERNANCE.md
2026-02-19 08:55:16 UPDATED path=C:\Users\adamf\OneDrive\Dokumenty\aSTT-RUST\INDEX.md
2026-02-19 08:55:26 UPDATED path=C:\Users\adamf\OneDrive\Dokumenty\aSTT-RUST\INDEX.md
2026-02-19 08:55:26 UPDATED path=C:\Users\adamf\OneDrive\Dokumenty\aSTT-RUST\docs\inventory-refactor-playbook.md
2026-02-19 08:55:27 UPDATED path=C:\Users\adamf\OneDrive\Dokumenty\aSTT-RUST\GOVERNANCE.md
2026-02-19 08:55:27 UPDATED path=C:\Users\adamf\OneDrive\Dokumenty\aSTT-RUST\INDEX.md
2026-02-19 08:55:38 UPDATED path=C:\Users\adamf\OneDrive\Dokumenty\aSTT-RUST\INDEX.md
2026-02-19 08:55:38 UPDATED path=C:\Users\adamf\OneDrive\Dokumenty\aSTT-RUST\docs\inventory-refactor-playbook.md
2026-02-19 08:55:39 UPDATED path=C:\Users\adamf\OneDrive\Dokumenty\aSTT-RUST\GOVERNANCE.md
2026-02-19 08:55:39 UPDATED path=C:\Users\adamf\OneDrive\Dokumenty\aSTT-RUST\INDEX.md
2026-02-19 08:55:49 UPDATED path=C:\Users\adamf\OneDrive\Dokumenty\aSTT-RUST\INDEX.md
2026-02-19 08:55:50 UPDATED path=C:\Users\adamf\OneDrive\Dokumenty\aSTT-RUST\docs\inventory-refactor-playbook.md
2026-02-19 08:55:50 UPDATED path=C:\Users\adamf\OneDrive\Dokumenty\aSTT-RUST\GOVERNANCE.md
2026-02-19 08:55:51 UPDATED path=C:\Users\adamf\OneDrive\Dokumenty\aSTT-RUST\INDEX.md
2026-02-19 08:56:01 UPDATED path=C:\Users\adamf\OneDrive\Dokumenty\aSTT-RUST\INDEX.md
2026-02-19 08:56:02 UPDATED path=C:\Users\adamf\OneDrive\Dokumenty\aSTT-RUST\docs\inventory-refactor-playbook.md
2026-02-19 08:56:02 UPDATED path=C:\Users\adamf\OneDrive\Dokumenty\aSTT-RUST\GOVERNANCE.md
2026-02-19 08:56:02 UPDATED path=C:\Users\adamf\OneDrive\Dokumenty\aSTT-RUST\INDEX.md
2026-02-19 08:56:13 UPDATED path=C:\Users\adamf\OneDrive\Dokumenty\aSTT-RUST\INDEX.md
2026-02-19 08:56:13 UPDATED path=C:\Users\adamf\OneDrive\Dokumenty\aSTT-RUST\docs\inventory-refactor-playbook.md
2026-02-19 08:56:14 UPDATED path=C:\Users\adamf\OneDrive\Dokumenty\aSTT-RUST\GOVERNANCE.md
2026-02-19 08:56:14 UPDATED path=C:\Users\adamf\OneDrive\Dokumenty\aSTT-RUST\INDEX.md
2026-02-19 08:56:25 UPDATED path=C:\Users\adamf\OneDrive\Dokumenty\aSTT-RUST\INDEX.md
2026-02-19 08:56:25 UPDATED path=C:\Users\adamf\OneDrive\Dokumenty\aSTT-RUST\docs\inventory-refactor-playbook.md
2026-02-19 08:56:26 UPDATED path=C:\Users\adamf\OneDrive\Dokumenty\aSTT-RUST\GOVERNANCE.md
2026-02-19 08:56:26 UPDATED path=C:\Users\adamf\OneDrive\Dokumenty\aSTT-RUST\INDEX.md
2026-02-19 08:56:37 UPDATED path=C:\Users\adamf\OneDrive\Dokumenty\aSTT-RUST\INDEX.md
2026-02-19 08:56:37 UPDATED path=C:\Users\adamf\OneDrive\Dokumenty\aSTT-RUST\docs\inventory-refactor-playbook.md
2026-02-19 08:56:38 UPDATED path=C:\Users\adamf\OneDrive\Dokumenty\aSTT-RUST\GOVERNANCE.md
2026-02-19 08:56:38 UPDATED path=C:\Users\adamf\OneDrive\Dokumenty\aSTT-RUST\INDEX.md
2026-02-19 08:56:49 UPDATED path=C:\Users\adamf\OneDrive\Dokumenty\aSTT-RUST\INDEX.md
2026-02-19 08:56:49 UPDATED path=C:\Users\adamf\OneDrive\Dokumenty\aSTT-RUST\docs\inventory-refactor-playbook.md
2026-02-19 08:56:49 UPDATED path=C:\Users\adamf\OneDrive\Dokumenty\aSTT-RUST\GOVERNANCE.md
2026-02-19 08:56:50 UPDATED path=C:\Users\adamf\OneDrive\Dokumenty\aSTT-RUST\INDEX.md
2026-02-19 08:57:00 UPDATED path=C:\Users\adamf\OneDrive\Dokumenty\aSTT-RUST\INDEX.md
2026-02-19 08:57:01 UPDATED path=C:\Users\adamf\OneDrive\Dokumenty\aSTT-RUST\docs\inventory-refactor-playbook.md
2026-02-19 08:57:01 UPDATED path=C:\Users\adamf\OneDrive\Dokumenty\aSTT-RUST\GOVERNANCE.md
2026-02-19 08:57:02 UPDATED path=C:\Users\adamf\OneDrive\Dokumenty\aSTT-RUST\INDEX.md
2026-02-19 08:57:12 UPDATED path=C:\Users\adamf\OneDrive\Dokumenty\aSTT-RUST\INDEX.md
2026-02-19 08:57:13 UPDATED path=C:\Users\adamf\OneDrive\Dokumenty\aSTT-RUST\docs\inventory-refactor-playbook.md
2026-02-19 08:57:13 UPDATED path=C:\Users\adamf\OneDrive\Dokumenty\aSTT-RUST\GOVERNANCE.md
2026-02-19 08:57:13 UPDATED path=C:\Users\adamf\OneDrive\Dokumenty\aSTT-RUST\INDEX.md
2026-02-19 08:57:24 UPDATED path=C:\Users\adamf\OneDrive\Dokumenty\aSTT-RUST\INDEX.md
2026-02-19 08:57:25 UPDATED path=C:\Users\adamf\OneDrive\Dokumenty\aSTT-RUST\docs\inventory-refactor-playbook.md
2026-02-19 08:57:25 UPDATED path=C:\Users\adamf\OneDrive\Dokumenty\aSTT-RUST\GOVERNANCE.md
2026-02-19 08:57:25 UPDATED path=C:\Users\adamf\OneDrive\Dokumenty\aSTT-RUST\INDEX.md
2026-02-19 08:57:36 UPDATED path=C:\Users\adamf\OneDrive\Dokumenty\aSTT-RUST\INDEX.md
2026-02-19 08:57:36 UPDATED path=C:\Users\adamf\OneDrive\Dokumenty\aSTT-RUST\docs\inventory-refactor-playbook.md
2026-02-19 08:57:37 UPDATED path=C:\Users\adamf\OneDrive\Dokumenty\aSTT-RUST\GOVERNANCE.md
2026-02-19 08:57:37 UPDATED path=C:\Users\adamf\OneDrive\Dokumenty\aSTT-RUST\INDEX.md
2026-02-19 08:57:48 UPDATED path=C:\Users\adamf\OneDrive\Dokumenty\aSTT-RUST\INDEX.md
2026-02-19 08:57:48 UPDATED path=C:\Users\adamf\OneDrive\Dokumenty\aSTT-RUST\docs\inventory-refactor-playbook.md
2026-02-19 08:57:49 UPDATED path=C:\Users\adamf\OneDrive\Dokumenty\aSTT-RUST\GOVERNANCE.md
2026-02-19 08:57:49 UPDATED path=C:\Users\adamf\OneDrive\Dokumenty\aSTT-RUST\INDEX.md
2026-02-19 08:57:50 UPDATED path=C:\Users\adamf\OneDrive\Dokumenty\aSTT-RUST\docs\software-inventory.md
2026-02-19 08:58:00 UPDATED path=C:\Users\adamf\OneDrive\Dokumenty\aSTT-RUST\docs\software-inventory.md
2026-02-19 08:58:01 UPDATED path=C:\Users\adamf\OneDrive\Dokumenty\aSTT-RUST\docs\software-audit-method.md
2026-02-19 08:58:01 UPDATED path=C:\Users\adamf\OneDrive\Dokumenty\aSTT-RUST\INDEX.md
2026-02-19 08:58:01 UPDATED path=C:\Users\adamf\OneDrive\Dokumenty\aSTT-RUST\docs\inventory-refactor-playbook.md
2026-02-19 08:58:02 UPDATED path=C:\Users\adamf\OneDrive\Dokumenty\aSTT-RUST\GOVERNANCE.md
2026-02-19 08:58:12 UPDATED path=C:\Users\adamf\OneDrive\Dokumenty\aSTT-RUST\GOVERNANCE.md
2026-02-19 08:58:13 UPDATED path=C:\Users\adamf\OneDrive\Dokumenty\aSTT-RUST\INDEX.md
2026-02-19 08:58:14 UPDATED path=C:\Users\adamf\OneDrive\Dokumenty\aSTT-RUST\docs\inventory-refactor-playbook.md
2026-02-19 08:58:14 UPDATED path=C:\Users\adamf\OneDrive\Dokumenty\aSTT-RUST\GOVERNANCE.md
2026-02-19 08:58:24 UPDATED path=C:\Users\adamf\OneDrive\Dokumenty\aSTT-RUST\GOVERNANCE.md
2026-02-19 08:58:25 UPDATED path=C:\Users\adamf\OneDrive\Dokumenty\aSTT-RUST\INDEX.md
2026-02-19 08:58:25 UPDATED path=C:\Users\adamf\OneDrive\Dokumenty\aSTT-RUST\docs\inventory-refactor-playbook.md
2026-02-19 08:58:26 UPDATED path=C:\Users\adamf\OneDrive\Dokumenty\aSTT-RUST\GOVERNANCE.md
2026-02-19 08:58:36 UPDATED path=C:\Users\adamf\OneDrive\Dokumenty\aSTT-RUST\GOVERNANCE.md
2026-02-19 08:58:37 UPDATED path=C:\Users\adamf\OneDrive\Dokumenty\aSTT-RUST\INDEX.md
2026-02-19 08:58:37 UPDATED path=C:\Users\adamf\OneDrive\Dokumenty\aSTT-RUST\docs\inventory-refactor-playbook.md
2026-02-19 08:58:38 UPDATED path=C:\Users\adamf\OneDrive\Dokumenty\aSTT-RUST\GOVERNANCE.md
2026-02-19 08:58:48 UPDATED path=C:\Users\adamf\OneDrive\Dokumenty\aSTT-RUST\GOVERNANCE.md
2026-02-19 08:58:49 UPDATED path=C:\Users\adamf\OneDrive\Dokumenty\aSTT-RUST\INDEX.md
2026-02-19 08:58:49 UPDATED path=C:\Users\adamf\OneDrive\Dokumenty\aSTT-RUST\docs\inventory-refactor-playbook.md
2026-02-19 08:58:50 UPDATED path=C:\Users\adamf\OneDrive\Dokumenty\aSTT-RUST\GOVERNANCE.md
2026-02-19 08:59:00 UPDATED path=C:\Users\adamf\OneDrive\Dokumenty\aSTT-RUST\GOVERNANCE.md
2026-02-19 08:59:00 UPDATED path=C:\Users\adamf\OneDrive\Dokumenty\aSTT-RUST\INDEX.md
2026-02-19 08:59:01 UPDATED path=C:\Users\adamf\OneDrive\Dokumenty\aSTT-RUST\docs\inventory-refactor-playbook.md
2026-02-19 08:59:01 UPDATED path=C:\Users\adamf\OneDrive\Dokumenty\aSTT-RUST\GOVERNANCE.md
2026-02-19 08:59:12 UPDATED path=C:\Users\adamf\OneDrive\Dokumenty\aSTT-RUST\GOVERNANCE.md
2026-02-19 08:59:12 UPDATED path=C:\Users\adamf\OneDrive\Dokumenty\aSTT-RUST\INDEX.md
2026-02-19 08:59:13 UPDATED path=C:\Users\adamf\OneDrive\Dokumenty\aSTT-RUST\docs\inventory-refactor-playbook.md
2026-02-19 08:59:13 UPDATED path=C:\Users\adamf\OneDrive\Dokumenty\aSTT-RUST\GOVERNANCE.md
2026-02-19 08:59:24 UPDATED path=C:\Users\adamf\OneDrive\Dokumenty\aSTT-RUST\GOVERNANCE.md
2026-02-19 08:59:24 UPDATED path=C:\Users\adamf\OneDrive\Dokumenty\aSTT-RUST\INDEX.md
2026-02-19 08:59:24 UPDATED path=C:\Users\adamf\OneDrive\Dokumenty\aSTT-RUST\docs\inventory-refactor-playbook.md
2026-02-19 08:59:25 UPDATED path=C:\Users\adamf\OneDrive\Dokumenty\aSTT-RUST\GOVERNANCE.md
2026-02-19 08:59:35 UPDATED path=C:\Users\adamf\OneDrive\Dokumenty\aSTT-RUST\GOVERNANCE.md
2026-02-19 08:59:36 UPDATED path=C:\Users\adamf\OneDrive\Dokumenty\aSTT-RUST\INDEX.md
2026-02-19 08:59:36 UPDATED path=C:\Users\adamf\OneDrive\Dokumenty\aSTT-RUST\docs\inventory-refactor-playbook.md
2026-02-19 08:59:37 UPDATED path=C:\Users\adamf\OneDrive\Dokumenty\aSTT-RUST\GOVERNANCE.md
2026-02-19 08:59:47 UPDATED path=C:\Users\adamf\OneDrive\Dokumenty\aSTT-RUST\GOVERNANCE.md
2026-02-19 08:59:48 UPDATED path=C:\Users\adamf\OneDrive\Dokumenty\aSTT-RUST\INDEX.md
2026-02-19 08:59:48 UPDATED path=C:\Users\adamf\OneDrive\Dokumenty\aSTT-RUST\docs\inventory-refactor-playbook.md
2026-02-19 08:59:49 UPDATED path=C:\Users\adamf\OneDrive\Dokumenty\aSTT-RUST\GOVERNANCE.md
2026-02-19 08:59:59 UPDATED path=C:\Users\adamf\OneDrive\Dokumenty\aSTT-RUST\GOVERNANCE.md
2026-02-19 09:00:00 UPDATED path=C:\Users\adamf\OneDrive\Dokumenty\aSTT-RUST\INDEX.md
2026-02-19 09:00:00 UPDATED path=C:\Users\adamf\OneDrive\Dokumenty\aSTT-RUST\docs\inventory-refactor-playbook.md
2026-02-19 09:00:00 UPDATED path=C:\Users\adamf\OneDrive\Dokumenty\aSTT-RUST\GOVERNANCE.md
2026-02-19 09:00:11 UPDATED path=C:\Users\adamf\OneDrive\Dokumenty\aSTT-RUST\GOVERNANCE.md
2026-02-19 09:00:11 UPDATED path=C:\Users\adamf\OneDrive\Dokumenty\aSTT-RUST\INDEX.md
2026-02-19 09:00:12 UPDATED path=C:\Users\adamf\OneDrive\Dokumenty\aSTT-RUST\docs\inventory-refactor-playbook.md
2026-02-19 09:00:12 UPDATED path=C:\Users\adamf\OneDrive\Dokumenty\aSTT-RUST\GOVERNANCE.md
2026-02-19 09:00:23 UPDATED path=C:\Users\adamf\OneDrive\Dokumenty\aSTT-RUST\GOVERNANCE.md
2026-02-19 09:00:23 UPDATED path=C:\Users\adamf\OneDrive\Dokumenty\aSTT-RUST\INDEX.md
2026-02-19 09:00:24 UPDATED path=C:\Users\adamf\OneDrive\Dokumenty\aSTT-RUST\docs\inventory-refactor-playbook.md
2026-02-19 09:00:24 UPDATED path=C:\Users\adamf\OneDrive\Dokumenty\aSTT-RUST\GOVERNANCE.md
2026-02-19 09:00:35 UPDATED path=C:\Users\adamf\OneDrive\Dokumenty\aSTT-RUST\GOVERNANCE.md
2026-02-19 09:00:35 UPDATED path=C:\Users\adamf\OneDrive\Dokumenty\aSTT-RUST\INDEX.md
2026-02-19 09:00:36 UPDATED path=C:\Users\adamf\OneDrive\Dokumenty\aSTT-RUST\docs\inventory-refactor-playbook.md
2026-02-19 09:00:36 UPDATED path=C:\Users\adamf\OneDrive\Dokumenty\aSTT-RUST\GOVERNANCE.md
2026-02-19 09:00:46 UPDATED path=C:\Users\adamf\OneDrive\Dokumenty\aSTT-RUST\GOVERNANCE.md
2026-02-19 09:00:47 UPDATED path=C:\Users\adamf\OneDrive\Dokumenty\aSTT-RUST\INDEX.md
2026-02-19 09:00:47 UPDATED path=C:\Users\adamf\OneDrive\Dokumenty\aSTT-RUST\docs\inventory-refactor-playbook.md
2026-02-19 09:00:48 UPDATED path=C:\Users\adamf\OneDrive\Dokumenty\aSTT-RUST\GOVERNANCE.md
2026-02-19 09:00:58 UPDATED path=C:\Users\adamf\OneDrive\Dokumenty\aSTT-RUST\GOVERNANCE.md
2026-02-19 09:00:59 UPDATED path=C:\Users\adamf\OneDrive\Dokumenty\aSTT-RUST\INDEX.md
2026-02-19 09:00:59 UPDATED path=C:\Users\adamf\OneDrive\Dokumenty\aSTT-RUST\docs\inventory-refactor-playbook.md
2026-02-19 09:00:59 UPDATED path=C:\Users\adamf\OneDrive\Dokumenty\aSTT-RUST\GOVERNANCE.md
2026-02-19 09:01:10 UPDATED path=C:\Users\adamf\OneDrive\Dokumenty\aSTT-RUST\GOVERNANCE.md
2026-02-19 09:01:10 UPDATED path=C:\Users\adamf\OneDrive\Dokumenty\aSTT-RUST\INDEX.md
2026-02-19 09:01:11 UPDATED path=C:\Users\adamf\OneDrive\Dokumenty\aSTT-RUST\docs\inventory-refactor-playbook.md
2026-02-19 09:01:11 UPDATED path=C:\Users\adamf\OneDrive\Dokumenty\aSTT-RUST\GOVERNANCE.md
2026-02-19 09:01:22 UPDATED path=C:\Users\adamf\OneDrive\Dokumenty\aSTT-RUST\GOVERNANCE.md
2026-02-19 09:01:22 UPDATED path=C:\Users\adamf\OneDrive\Dokumenty\aSTT-RUST\INDEX.md
2026-02-19 09:01:23 UPDATED path=C:\Users\adamf\OneDrive\Dokumenty\aSTT-RUST\docs\inventory-refactor-playbook.md
2026-02-19 09:01:23 UPDATED path=C:\Users\adamf\OneDrive\Dokumenty\aSTT-RUST\GOVERNANCE.md
2026-02-19 09:01:34 UPDATED path=C:\Users\adamf\OneDrive\Dokumenty\aSTT-RUST\GOVERNANCE.md
2026-02-19 09:01:34 UPDATED path=C:\Users\adamf\OneDrive\Dokumenty\aSTT-RUST\INDEX.md
2026-02-19 09:01:35 UPDATED path=C:\Users\adamf\OneDrive\Dokumenty\aSTT-RUST\docs\inventory-refactor-playbook.md
2026-02-19 09:01:35 UPDATED path=C:\Users\adamf\OneDrive\Dokumenty\aSTT-RUST\GOVERNANCE.md
2026-02-19 09:01:45 UPDATED path=C:\Users\adamf\OneDrive\Dokumenty\aSTT-RUST\GOVERNANCE.md
2026-02-19 09:01:46 UPDATED path=C:\Users\adamf\OneDrive\Dokumenty\aSTT-RUST\INDEX.md
2026-02-19 09:01:46 UPDATED path=C:\Users\adamf\OneDrive\Dokumenty\aSTT-RUST\docs\inventory-refactor-playbook.md
2026-02-19 09:01:47 UPDATED path=C:\Users\adamf\OneDrive\Dokumenty\aSTT-RUST\GOVERNANCE.md
2026-02-19 09:01:57 UPDATED path=C:\Users\adamf\OneDrive\Dokumenty\aSTT-RUST\GOVERNANCE.md
2026-02-19 09:01:58 UPDATED path=C:\Users\adamf\OneDrive\Dokumenty\aSTT-RUST\INDEX.md
2026-02-19 09:01:58 UPDATED path=C:\Users\adamf\OneDrive\Dokumenty\aSTT-RUST\docs\inventory-refactor-playbook.md
2026-02-19 09:02:09 UPDATED path=C:\Users\adamf\OneDrive\Dokumenty\aSTT-RUST\GOVERNANCE.md
2026-02-19 09:02:09 UPDATED path=C:\Users\adamf\OneDrive\Dokumenty\aSTT-RUST\INDEX.md
2026-02-19 09:02:10 UPDATED path=C:\Users\adamf\OneDrive\Dokumenty\aSTT-RUST\docs\inventory-refactor-playbook.md
2026-02-19 09:02:20 UPDATED path=C:\Users\adamf\OneDrive\Dokumenty\aSTT-RUST\GOVERNANCE.md
2026-02-19 09:02:21 UPDATED path=C:\Users\adamf\OneDrive\Dokumenty\aSTT-RUST\INDEX.md
2026-02-19 09:02:21 UPDATED path=C:\Users\adamf\OneDrive\Dokumenty\aSTT-RUST\docs\inventory-refactor-playbook.md
2026-02-19 09:02:21 UPDATED path=C:\Users\adamf\OneDrive\Dokumenty\aSTT-RUST\GOVERNANCE.md
2026-02-19 09:02:32 UPDATED path=C:\Users\adamf\OneDrive\Dokumenty\aSTT-RUST\INDEX.md
2026-02-19 09:02:32 UPDATED path=C:\Users\adamf\OneDrive\Dokumenty\aSTT-RUST\docs\inventory-refactor-playbook.md
2026-02-19 09:02:33 UPDATED path=C:\Users\adamf\OneDrive\Dokumenty\aSTT-RUST\GOVERNANCE.md
2026-02-19 09:02:33 UPDATED path=C:\Users\adamf\OneDrive\Dokumenty\aSTT-RUST\INDEX.md
2026-02-19 09:02:44 UPDATED path=C:\Users\adamf\OneDrive\Dokumenty\aSTT-RUST\docs\inventory-refactor-playbook.md
2026-02-19 09:02:44 UPDATED path=C:\Users\adamf\OneDrive\Dokumenty\aSTT-RUST\GOVERNANCE.md
2026-02-19 09:02:44 UPDATED path=C:\Users\adamf\OneDrive\Dokumenty\aSTT-RUST\INDEX.md
2026-02-19 09:02:45 UPDATED path=C:\Users\adamf\OneDrive\Dokumenty\aSTT-RUST\docs\inventory-refactor-playbook.md
2026-02-19 09:02:55 UPDATED path=C:\Users\adamf\OneDrive\Dokumenty\aSTT-RUST\GOVERNANCE.md
2026-02-19 09:02:56 UPDATED path=C:\Users\adamf\OneDrive\Dokumenty\aSTT-RUST\INDEX.md
2026-02-19 09:02:56 UPDATED path=C:\Users\adamf\OneDrive\Dokumenty\aSTT-RUST\docs\inventory-refactor-playbook.md
2026-02-19 09:02:57 UPDATED path=C:\Users\adamf\OneDrive\Dokumenty\aSTT-RUST\GOVERNANCE.md
2026-02-19 09:03:07 UPDATED path=C:\Users\adamf\OneDrive\Dokumenty\aSTT-RUST\INDEX.md
2026-02-19 09:03:08 UPDATED path=C:\Users\adamf\OneDrive\Dokumenty\aSTT-RUST\docs\inventory-refactor-playbook.md
2026-02-19 09:03:08 UPDATED path=C:\Users\adamf\OneDrive\Dokumenty\aSTT-RUST\GOVERNANCE.md
2026-02-19 09:03:09 UPDATED path=C:\Users\adamf\OneDrive\Dokumenty\aSTT-RUST\INDEX.md
2026-02-19 09:03:19 UPDATED path=C:\Users\adamf\OneDrive\Dokumenty\aSTT-RUST\docs\inventory-refactor-playbook.md
2026-02-19 09:03:20 UPDATED path=C:\Users\adamf\OneDrive\Dokumenty\aSTT-RUST\GOVERNANCE.md
2026-02-19 09:03:20 UPDATED path=C:\Users\adamf\OneDrive\Dokumenty\aSTT-RUST\INDEX.md
2026-02-19 09:03:21 UPDATED path=C:\Users\adamf\OneDrive\Dokumenty\aSTT-RUST\docs\inventory-refactor-playbook.md
2026-02-19 09:03:31 UPDATED path=C:\Users\adamf\OneDrive\Dokumenty\aSTT-RUST\GOVERNANCE.md
2026-02-19 09:03:32 UPDATED path=C:\Users\adamf\OneDrive\Dokumenty\aSTT-RUST\INDEX.md
2026-02-19 09:03:32 UPDATED path=C:\Users\adamf\OneDrive\Dokumenty\aSTT-RUST\docs\inventory-refactor-playbook.md
2026-02-19 09:03:32 UPDATED path=C:\Users\adamf\OneDrive\Dokumenty\aSTT-RUST\GOVERNANCE.md
2026-02-19 09:03:43 UPDATED path=C:\Users\adamf\OneDrive\Dokumenty\aSTT-RUST\INDEX.md
2026-02-19 09:03:43 UPDATED path=C:\Users\adamf\OneDrive\Dokumenty\aSTT-RUST\docs\inventory-refactor-playbook.md
2026-02-19 09:03:44 UPDATED path=C:\Users\adamf\OneDrive\Dokumenty\aSTT-RUST\GOVERNANCE.md
2026-02-19 09:03:44 UPDATED path=C:\Users\adamf\OneDrive\Dokumenty\aSTT-RUST\INDEX.md
2026-02-19 09:03:55 UPDATED path=C:\Users\adamf\OneDrive\Dokumenty\aSTT-RUST\docs\inventory-refactor-playbook.md
2026-02-19 09:03:55 UPDATED path=C:\Users\adamf\OneDrive\Dokumenty\aSTT-RUST\GOVERNANCE.md
2026-02-19 09:03:56 UPDATED path=C:\Users\adamf\OneDrive\Dokumenty\aSTT-RUST\INDEX.md
2026-02-19 09:03:56 UPDATED path=C:\Users\adamf\OneDrive\Dokumenty\aSTT-RUST\docs\inventory-refactor-playbook.md
2026-02-19 09:04:09 UPDATED path=C:\Users\adamf\OneDrive\Dokumenty\aSTT-RUST\GOVERNANCE.md
2026-02-19 09:04:10 UPDATED path=C:\Users\adamf\OneDrive\Dokumenty\aSTT-RUST\GOVERNANCE.md
2026-02-19 09:04:11 UPDATED path=C:\Users\adamf\OneDrive\Dokumenty\aSTT-RUST\INDEX.md
2026-02-19 09:04:13 UPDATED path=C:\Users\adamf\OneDrive\Dokumenty\aSTT-RUST\INDEX.md
2026-02-19 09:04:15 UPDATED path=C:\Users\adamf\OneDrive\Dokumenty\aSTT-RUST\docs\inventory-refactor-playbook.md
2026-02-19 09:04:18 UPDATED path=C:\Users\adamf\OneDrive\Dokumenty\aSTT-RUST\docs\inventory-refactor-playbook.md
2026-02-19 09:04:19 UPDATED path=C:\Users\adamf\OneDrive\Dokumenty\aSTT-RUST\GOVERNANCE.md
2026-02-19 09:04:30 UPDATED path=C:\Users\adamf\OneDrive\Dokumenty\aSTT-RUST\GOVERNANCE.md
2026-02-19 09:04:31 UPDATED path=C:\Users\adamf\OneDrive\Dokumenty\aSTT-RUST\GOVERNANCE.md
2026-02-19 09:04:31 UPDATED path=C:\Users\adamf\OneDrive\Dokumenty\aSTT-RUST\INDEX.md
2026-02-19 09:04:32 UPDATED path=C:\Users\adamf\OneDrive\Dokumenty\aSTT-RUST\docs\inventory-refactor-playbook.md
2026-02-19 09:04:42 UPDATED path=C:\Users\adamf\OneDrive\Dokumenty\aSTT-RUST\docs\inventory-refactor-playbook.md
2026-02-19 09:04:43 UPDATED path=C:\Users\adamf\OneDrive\Dokumenty\aSTT-RUST\GOVERNANCE.md
2026-02-19 09:04:53 UPDATED path=C:\Users\adamf\OneDrive\Dokumenty\aSTT-RUST\INDEX.md
2026-02-19 09:04:53 UPDATED path=C:\Users\adamf\OneDrive\Dokumenty\aSTT-RUST\docs\inventory-refactor-playbook.md
2026-02-19 09:04:54 UPDATED path=C:\Users\adamf\OneDrive\Dokumenty\aSTT-RUST\GOVERNANCE.md
2026-02-19 09:05:05 UPDATED path=C:\Users\adamf\OneDrive\Dokumenty\aSTT-RUST\INDEX.md
2026-02-19 09:05:05 UPDATED path=C:\Users\adamf\OneDrive\Dokumenty\aSTT-RUST\docs\inventory-refactor-playbook.md
2026-02-19 09:05:05 UPDATED path=C:\Users\adamf\OneDrive\Dokumenty\aSTT-RUST\GOVERNANCE.md
2026-02-19 09:05:06 UPDATED path=C:\Users\adamf\OneDrive\Dokumenty\aSTT-RUST\INDEX.md
2026-02-19 09:05:16 UPDATED path=C:\Users\adamf\OneDrive\Dokumenty\aSTT-RUST\docs\inventory-refactor-playbook.md
2026-02-19 09:05:17 UPDATED path=C:\Users\adamf\OneDrive\Dokumenty\aSTT-RUST\GOVERNANCE.md
2026-02-19 09:05:17 UPDATED path=C:\Users\adamf\OneDrive\Dokumenty\aSTT-RUST\INDEX.md
2026-02-19 09:05:18 UPDATED path=C:\Users\adamf\OneDrive\Dokumenty\aSTT-RUST\docs\inventory-refactor-playbook.md
2026-02-19 09:05:28 UPDATED path=C:\Users\adamf\OneDrive\Dokumenty\aSTT-RUST\GOVERNANCE.md
2026-02-19 09:05:29 UPDATED path=C:\Users\adamf\OneDrive\Dokumenty\aSTT-RUST\INDEX.md
2026-02-19 09:05:29 UPDATED path=C:\Users\adamf\OneDrive\Dokumenty\aSTT-RUST\docs\inventory-refactor-playbook.md
2026-02-19 09:05:30 UPDATED path=C:\Users\adamf\OneDrive\Dokumenty\aSTT-RUST\GOVERNANCE.md
2026-02-19 09:05:40 UPDATED path=C:\Users\adamf\OneDrive\Dokumenty\aSTT-RUST\INDEX.md
2026-02-19 09:05:41 UPDATED path=C:\Users\adamf\OneDrive\Dokumenty\aSTT-RUST\docs\inventory-refactor-playbook.md
2026-02-19 09:05:41 UPDATED path=C:\Users\adamf\OneDrive\Dokumenty\aSTT-RUST\GOVERNANCE.md
2026-02-19 09:05:42 UPDATED path=C:\Users\adamf\OneDrive\Dokumenty\aSTT-RUST\INDEX.md
2026-02-19 09:05:52 UPDATED path=C:\Users\adamf\OneDrive\Dokumenty\aSTT-RUST\docs\inventory-refactor-playbook.md
2026-02-19 09:05:53 UPDATED path=C:\Users\adamf\OneDrive\Dokumenty\aSTT-RUST\GOVERNANCE.md
2026-02-19 09:05:53 UPDATED path=C:\Users\adamf\OneDrive\Dokumenty\aSTT-RUST\INDEX.md
2026-02-19 09:05:54 UPDATED path=C:\Users\adamf\OneDrive\Dokumenty\aSTT-RUST\docs\inventory-refactor-playbook.md
2026-02-19 09:06:04 UPDATED path=C:\Users\adamf\OneDrive\Dokumenty\aSTT-RUST\GOVERNANCE.md
2026-02-19 09:06:05 UPDATED path=C:\Users\adamf\OneDrive\Dokumenty\aSTT-RUST\INDEX.md
2026-02-19 09:06:05 UPDATED path=C:\Users\adamf\OneDrive\Dokumenty\aSTT-RUST\docs\inventory-refactor-playbook.md
2026-02-19 09:06:06 UPDATED path=C:\Users\adamf\OneDrive\Dokumenty\aSTT-RUST\GOVERNANCE.md
2026-02-19 09:06:16 UPDATED path=C:\Users\adamf\OneDrive\Dokumenty\aSTT-RUST\INDEX.md
2026-02-19 09:06:17 UPDATED path=C:\Users\adamf\OneDrive\Dokumenty\aSTT-RUST\docs\inventory-refactor-playbook.md
2026-02-19 09:06:17 UPDATED path=C:\Users\adamf\OneDrive\Dokumenty\aSTT-RUST\GOVERNANCE.md
2026-02-19 09:06:18 UPDATED path=C:\Users\adamf\OneDrive\Dokumenty\aSTT-RUST\INDEX.md
2026-02-19 09:06:28 UPDATED path=C:\Users\adamf\OneDrive\Dokumenty\aSTT-RUST\docs\inventory-refactor-playbook.md
2026-02-19 09:06:29 UPDATED path=C:\Users\adamf\OneDrive\Dokumenty\aSTT-RUST\GOVERNANCE.md
2026-02-19 09:06:29 UPDATED path=C:\Users\adamf\OneDrive\Dokumenty\aSTT-RUST\INDEX.md
2026-02-19 09:06:30 UPDATED path=C:\Users\adamf\OneDrive\Dokumenty\aSTT-RUST\docs\inventory-refactor-playbook.md
2026-02-19 09:06:40 UPDATED path=C:\Users\adamf\OneDrive\Dokumenty\aSTT-RUST\GOVERNANCE.md
2026-02-19 09:06:41 UPDATED path=C:\Users\adamf\OneDrive\Dokumenty\aSTT-RUST\INDEX.md
2026-02-19 09:06:41 UPDATED path=C:\Users\adamf\OneDrive\Dokumenty\aSTT-RUST\docs\inventory-refactor-playbook.md
2026-02-19 09:06:41 UPDATED path=C:\Users\adamf\OneDrive\Dokumenty\aSTT-RUST\GOVERNANCE.md
2026-02-19 09:06:52 UPDATED path=C:\Users\adamf\OneDrive\Dokumenty\aSTT-RUST\INDEX.md
2026-02-19 09:06:52 UPDATED path=C:\Users\adamf\OneDrive\Dokumenty\aSTT-RUST\docs\inventory-refactor-playbook.md
2026-02-19 09:06:53 UPDATED path=C:\Users\adamf\OneDrive\Dokumenty\aSTT-RUST\GOVERNANCE.md
2026-02-19 09:06:53 UPDATED path=C:\Users\adamf\OneDrive\Dokumenty\aSTT-RUST\INDEX.md
2026-02-19 09:07:06 UPDATED path=C:\Users\adamf\OneDrive\Dokumenty\aSTT-RUST\docs\inventory-refactor-playbook.md
2026-02-19 09:07:06 UPDATED path=C:\Users\adamf\OneDrive\Dokumenty\aSTT-RUST\docs\inventory-refactor-playbook.md
2026-02-19 09:07:07 UPDATED path=C:\Users\adamf\OneDrive\Dokumenty\aSTT-RUST\GOVERNANCE.md
2026-02-19 09:07:07 UPDATED path=C:\Users\adamf\OneDrive\Dokumenty\aSTT-RUST\INDEX.md
2026-02-19 09:07:08 UPDATED path=C:\Users\adamf\OneDrive\Dokumenty\aSTT-RUST\docs\inventory-refactor-playbook.md
2026-02-19 09:07:18 UPDATED path=C:\Users\adamf\OneDrive\Dokumenty\aSTT-RUST\docs\inventory-refactor-playbook.md
2026-02-19 09:07:18 UPDATED path=C:\Users\adamf\OneDrive\Dokumenty\aSTT-RUST\GOVERNANCE.md
2026-02-19 09:07:19 UPDATED path=C:\Users\adamf\OneDrive\Dokumenty\aSTT-RUST\INDEX.md
2026-02-19 09:07:19 UPDATED path=C:\Users\adamf\OneDrive\Dokumenty\aSTT-RUST\docs\inventory-refactor-playbook.md
2026-02-19 09:07:30 UPDATED path=C:\Users\adamf\OneDrive\Dokumenty\aSTT-RUST\docs\inventory-refactor-playbook.md
2026-02-19 09:07:30 UPDATED path=C:\Users\adamf\OneDrive\Dokumenty\aSTT-RUST\GOVERNANCE.md
2026-02-19 09:07:31 UPDATED path=C:\Users\adamf\OneDrive\Dokumenty\aSTT-RUST\INDEX.md
2026-02-19 09:07:31 UPDATED path=C:\Users\adamf\OneDrive\Dokumenty\aSTT-RUST\docs\inventory-refactor-playbook.md
2026-02-19 09:07:42 UPDATED path=C:\Users\adamf\OneDrive\Dokumenty\aSTT-RUST\docs\inventory-refactor-playbook.md
2026-02-19 09:07:42 UPDATED path=C:\Users\adamf\OneDrive\Dokumenty\aSTT-RUST\GOVERNANCE.md
2026-02-19 09:07:42 UPDATED path=C:\Users\adamf\OneDrive\Dokumenty\aSTT-RUST\INDEX.md
2026-02-19 09:07:43 UPDATED path=C:\Users\adamf\OneDrive\Dokumenty\aSTT-RUST\docs\inventory-refactor-playbook.md
2026-02-19 09:07:53 UPDATED path=C:\Users\adamf\OneDrive\Dokumenty\aSTT-RUST\docs\inventory-refactor-playbook.md
2026-02-19 09:07:54 UPDATED path=C:\Users\adamf\OneDrive\Dokumenty\aSTT-RUST\GOVERNANCE.md
2026-02-19 09:07:54 UPDATED path=C:\Users\adamf\OneDrive\Dokumenty\aSTT-RUST\INDEX.md
2026-02-19 09:07:55 UPDATED path=C:\Users\adamf\OneDrive\Dokumenty\aSTT-RUST\docs\inventory-refactor-playbook.md
2026-02-19 09:08:05 UPDATED path=C:\Users\adamf\OneDrive\Dokumenty\aSTT-RUST\docs\inventory-refactor-playbook.md
2026-02-19 09:08:06 UPDATED path=C:\Users\adamf\OneDrive\Dokumenty\aSTT-RUST\GOVERNANCE.md
2026-02-19 09:08:06 UPDATED path=C:\Users\adamf\OneDrive\Dokumenty\aSTT-RUST\INDEX.md
2026-02-19 09:08:06 UPDATED path=C:\Users\adamf\OneDrive\Dokumenty\aSTT-RUST\docs\inventory-refactor-playbook.md
2026-02-19 09:08:17 UPDATED path=C:\Users\adamf\OneDrive\Dokumenty\aSTT-RUST\docs\inventory-refactor-playbook.md
2026-02-19 09:08:17 UPDATED path=C:\Users\adamf\OneDrive\Dokumenty\aSTT-RUST\GOVERNANCE.md
2026-02-19 09:08:18 UPDATED path=C:\Users\adamf\OneDrive\Dokumenty\aSTT-RUST\INDEX.md
2026-02-19 09:08:18 UPDATED path=C:\Users\adamf\OneDrive\Dokumenty\aSTT-RUST\docs\inventory-refactor-playbook.md
2026-02-19 09:08:29 UPDATED path=C:\Users\adamf\OneDrive\Dokumenty\aSTT-RUST\docs\inventory-refactor-playbook.md
2026-02-19 09:08:29 UPDATED path=C:\Users\adamf\OneDrive\Dokumenty\aSTT-RUST\GOVERNANCE.md
2026-02-19 09:08:29 UPDATED path=C:\Users\adamf\OneDrive\Dokumenty\aSTT-RUST\INDEX.md
2026-02-19 09:08:30 UPDATED path=C:\Users\adamf\OneDrive\Dokumenty\aSTT-RUST\docs\inventory-refactor-playbook.md
2026-02-19 09:08:40 UPDATED path=C:\Users\adamf\OneDrive\Dokumenty\aSTT-RUST\docs\inventory-refactor-playbook.md
2026-02-19 09:08:41 UPDATED path=C:\Users\adamf\OneDrive\Dokumenty\aSTT-RUST\GOVERNANCE.md
2026-02-19 09:08:41 UPDATED path=C:\Users\adamf\OneDrive\Dokumenty\aSTT-RUST\INDEX.md
2026-02-19 09:08:42 UPDATED path=C:\Users\adamf\OneDrive\Dokumenty\aSTT-RUST\docs\inventory-refactor-playbook.md
2026-02-19 09:08:52 UPDATED path=C:\Users\adamf\OneDrive\Dokumenty\aSTT-RUST\docs\inventory-refactor-playbook.md
2026-02-19 09:08:53 UPDATED path=C:\Users\adamf\OneDrive\Dokumenty\aSTT-RUST\GOVERNANCE.md
2026-02-19 09:08:53 UPDATED path=C:\Users\adamf\OneDrive\Dokumenty\aSTT-RUST\INDEX.md
2026-02-19 09:08:54 UPDATED path=C:\Users\adamf\OneDrive\Dokumenty\aSTT-RUST\docs\inventory-refactor-playbook.md
2026-02-19 09:09:04 UPDATED path=C:\Users\adamf\OneDrive\Dokumenty\aSTT-RUST\docs\inventory-refactor-playbook.md
2026-02-19 09:09:05 UPDATED path=C:\Users\adamf\OneDrive\Dokumenty\aSTT-RUST\GOVERNANCE.md
2026-02-19 09:09:05 UPDATED path=C:\Users\adamf\OneDrive\Dokumenty\aSTT-RUST\INDEX.md
2026-02-19 09:09:06 UPDATED path=C:\Users\adamf\OneDrive\Dokumenty\aSTT-RUST\docs\inventory-refactor-playbook.md
2026-02-19 09:09:16 UPDATED path=C:\Users\adamf\OneDrive\Dokumenty\aSTT-RUST\docs\inventory-refactor-playbook.md
2026-02-19 09:09:17 UPDATED path=C:\Users\adamf\OneDrive\Dokumenty\aSTT-RUST\GOVERNANCE.md
2026-02-19 09:09:17 UPDATED path=C:\Users\adamf\OneDrive\Dokumenty\aSTT-RUST\INDEX.md
2026-02-19 09:09:18 UPDATED path=C:\Users\adamf\OneDrive\Dokumenty\aSTT-RUST\docs\inventory-refactor-playbook.md
2026-02-19 09:09:28 UPDATED path=C:\Users\adamf\OneDrive\Dokumenty\aSTT-RUST\docs\inventory-refactor-playbook.md
2026-02-19 09:09:28 UPDATED path=C:\Users\adamf\OneDrive\Dokumenty\aSTT-RUST\GOVERNANCE.md
2026-02-19 09:09:29 UPDATED path=C:\Users\adamf\OneDrive\Dokumenty\aSTT-RUST\INDEX.md
2026-02-19 09:09:29 UPDATED path=C:\Users\adamf\OneDrive\Dokumenty\aSTT-RUST\docs\inventory-refactor-playbook.md
2026-02-19 09:09:40 UPDATED path=C:\Users\adamf\OneDrive\Dokumenty\aSTT-RUST\docs\inventory-refactor-playbook.md
2026-02-19 09:09:40 UPDATED path=C:\Users\adamf\OneDrive\Dokumenty\aSTT-RUST\GOVERNANCE.md
2026-02-19 09:09:41 UPDATED path=C:\Users\adamf\OneDrive\Dokumenty\aSTT-RUST\INDEX.md
2026-02-19 09:09:41 UPDATED path=C:\Users\adamf\OneDrive\Dokumenty\aSTT-RUST\docs\inventory-refactor-playbook.md
2026-02-19 09:09:52 UPDATED path=C:\Users\adamf\OneDrive\Dokumenty\aSTT-RUST\docs\inventory-refactor-playbook.md
2026-02-19 09:09:52 UPDATED path=C:\Users\adamf\OneDrive\Dokumenty\aSTT-RUST\GOVERNANCE.md
2026-02-19 09:09:52 UPDATED path=C:\Users\adamf\OneDrive\Dokumenty\aSTT-RUST\INDEX.md
2026-02-19 09:09:53 UPDATED path=C:\Users\adamf\OneDrive\Dokumenty\aSTT-RUST\docs\inventory-refactor-playbook.md
2026-02-19 09:10:03 UPDATED path=C:\Users\adamf\OneDrive\Dokumenty\aSTT-RUST\docs\inventory-refactor-playbook.md
2026-02-19 09:10:04 UPDATED path=C:\Users\adamf\OneDrive\Dokumenty\aSTT-RUST\GOVERNANCE.md
2026-02-19 09:10:04 UPDATED path=C:\Users\adamf\OneDrive\Dokumenty\aSTT-RUST\INDEX.md
2026-02-19 09:10:05 UPDATED path=C:\Users\adamf\OneDrive\Dokumenty\aSTT-RUST\docs\inventory-refactor-playbook.md
2026-02-19 09:10:15 UPDATED path=C:\Users\adamf\OneDrive\Dokumenty\aSTT-RUST\docs\inventory-refactor-playbook.md
2026-02-19 09:10:16 UPDATED path=C:\Users\adamf\OneDrive\Dokumenty\aSTT-RUST\GOVERNANCE.md
2026-02-19 09:10:16 UPDATED path=C:\Users\adamf\OneDrive\Dokumenty\aSTT-RUST\INDEX.md
2026-02-19 09:10:16 UPDATED path=C:\Users\adamf\OneDrive\Dokumenty\aSTT-RUST\docs\inventory-refactor-playbook.md
2026-02-19 09:10:27 UPDATED path=C:\Users\adamf\OneDrive\Dokumenty\aSTT-RUST\docs\inventory-refactor-playbook.md
2026-02-19 09:10:27 UPDATED path=C:\Users\adamf\OneDrive\Dokumenty\aSTT-RUST\GOVERNANCE.md
2026-02-19 09:10:28 UPDATED path=C:\Users\adamf\OneDrive\Dokumenty\aSTT-RUST\INDEX.md
2026-02-19 09:10:28 UPDATED path=C:\Users\adamf\OneDrive\Dokumenty\aSTT-RUST\docs\inventory-refactor-playbook.md
2026-02-19 09:10:39 UPDATED path=C:\Users\adamf\OneDrive\Dokumenty\aSTT-RUST\docs\inventory-refactor-playbook.md
2026-02-19 09:10:39 UPDATED path=C:\Users\adamf\OneDrive\Dokumenty\aSTT-RUST\GOVERNANCE.md
2026-02-19 09:10:40 UPDATED path=C:\Users\adamf\OneDrive\Dokumenty\aSTT-RUST\INDEX.md
2026-02-19 09:10:40 UPDATED path=C:\Users\adamf\OneDrive\Dokumenty\aSTT-RUST\docs\inventory-refactor-playbook.md
2026-02-19 09:10:51 UPDATED path=C:\Users\adamf\OneDrive\Dokumenty\aSTT-RUST\docs\inventory-refactor-playbook.md
2026-02-19 09:10:51 UPDATED path=C:\Users\adamf\OneDrive\Dokumenty\aSTT-RUST\GOVERNANCE.md
2026-02-19 09:10:51 UPDATED path=C:\Users\adamf\OneDrive\Dokumenty\aSTT-RUST\INDEX.md
2026-02-19 09:10:52 UPDATED path=C:\Users\adamf\OneDrive\Dokumenty\aSTT-RUST\docs\inventory-refactor-playbook.md
2026-02-19 09:11:02 UPDATED path=C:\Users\adamf\OneDrive\Dokumenty\aSTT-RUST\docs\inventory-refactor-playbook.md
2026-02-19 09:11:03 UPDATED path=C:\Users\adamf\OneDrive\Dokumenty\aSTT-RUST\GOVERNANCE.md
2026-02-19 09:11:03 UPDATED path=C:\Users\adamf\OneDrive\Dokumenty\aSTT-RUST\INDEX.md
2026-02-19 09:11:03 UPDATED path=C:\Users\adamf\OneDrive\Dokumenty\aSTT-RUST\docs\inventory-refactor-playbook.md
2026-02-19 09:11:14 UPDATED path=C:\Users\adamf\OneDrive\Dokumenty\aSTT-RUST\docs\inventory-refactor-playbook.md
2026-02-19 09:11:14 UPDATED path=C:\Users\adamf\OneDrive\Dokumenty\aSTT-RUST\GOVERNANCE.md
2026-02-19 09:11:15 UPDATED path=C:\Users\adamf\OneDrive\Dokumenty\aSTT-RUST\INDEX.md
2026-02-19 09:11:15 UPDATED path=C:\Users\adamf\OneDrive\Dokumenty\aSTT-RUST\docs\inventory-refactor-playbook.md
2026-02-19 09:11:26 UPDATED path=C:\Users\adamf\OneDrive\Dokumenty\aSTT-RUST\docs\inventory-refactor-playbook.md
2026-02-19 09:11:26 UPDATED path=C:\Users\adamf\OneDrive\Dokumenty\aSTT-RUST\GOVERNANCE.md
2026-02-19 09:11:26 UPDATED path=C:\Users\adamf\OneDrive\Dokumenty\aSTT-RUST\INDEX.md
2026-02-19 09:11:27 UPDATED path=C:\Users\adamf\OneDrive\Dokumenty\aSTT-RUST\docs\inventory-refactor-playbook.md
2026-02-19 09:11:37 UPDATED path=C:\Users\adamf\OneDrive\Dokumenty\aSTT-RUST\docs\inventory-refactor-playbook.md
2026-02-19 09:11:38 UPDATED path=C:\Users\adamf\OneDrive\Dokumenty\aSTT-RUST\GOVERNANCE.md
2026-02-19 09:11:38 UPDATED path=C:\Users\adamf\OneDrive\Dokumenty\aSTT-RUST\INDEX.md
2026-02-19 09:11:38 UPDATED path=C:\Users\adamf\OneDrive\Dokumenty\aSTT-RUST\docs\inventory-refactor-playbook.md
2026-02-19 09:11:49 UPDATED path=C:\Users\adamf\OneDrive\Dokumenty\aSTT-RUST\docs\inventory-refactor-playbook.md
2026-02-19 09:11:49 UPDATED path=C:\Users\adamf\OneDrive\Dokumenty\aSTT-RUST\GOVERNANCE.md
2026-02-19 09:11:50 UPDATED path=C:\Users\adamf\OneDrive\Dokumenty\aSTT-RUST\INDEX.md
2026-02-19 09:11:50 UPDATED path=C:\Users\adamf\OneDrive\Dokumenty\aSTT-RUST\docs\inventory-refactor-playbook.md
2026-02-19 09:12:01 UPDATED path=C:\Users\adamf\OneDrive\Dokumenty\aSTT-RUST\docs\inventory-refactor-playbook.md
2026-02-19 09:12:01 UPDATED path=C:\Users\adamf\OneDrive\Dokumenty\aSTT-RUST\GOVERNANCE.md
2026-02-19 09:12:01 UPDATED path=C:\Users\adamf\OneDrive\Dokumenty\aSTT-RUST\INDEX.md
2026-02-19 09:12:02 UPDATED path=C:\Users\adamf\OneDrive\Dokumenty\aSTT-RUST\docs\inventory-refactor-playbook.md
2026-02-19 09:12:12 UPDATED path=C:\Users\adamf\OneDrive\Dokumenty\aSTT-RUST\docs\inventory-refactor-playbook.md
2026-02-19 09:12:13 UPDATED path=C:\Users\adamf\OneDrive\Dokumenty\aSTT-RUST\GOVERNANCE.md
2026-02-19 09:12:13 UPDATED path=C:\Users\adamf\OneDrive\Dokumenty\aSTT-RUST\INDEX.md
2026-02-19 09:12:14 UPDATED path=C:\Users\adamf\OneDrive\Dokumenty\aSTT-RUST\docs\inventory-refactor-playbook.md
2026-02-19 09:12:24 UPDATED path=C:\Users\adamf\OneDrive\Dokumenty\aSTT-RUST\docs\inventory-refactor-playbook.md
2026-02-19 09:12:25 UPDATED path=C:\Users\adamf\OneDrive\Dokumenty\aSTT-RUST\GOVERNANCE.md
2026-02-19 09:12:25 UPDATED path=C:\Users\adamf\OneDrive\Dokumenty\aSTT-RUST\INDEX.md
2026-02-19 09:12:26 UPDATED path=C:\Users\adamf\OneDrive\Dokumenty\aSTT-RUST\docs\inventory-refactor-playbook.md
2026-02-19 09:12:36 UPDATED path=C:\Users\adamf\OneDrive\Dokumenty\aSTT-RUST\docs\inventory-refactor-playbook.md
2026-02-19 09:12:37 UPDATED path=C:\Users\adamf\OneDrive\Dokumenty\aSTT-RUST\GOVERNANCE.md
2026-02-19 09:12:37 UPDATED path=C:\Users\adamf\OneDrive\Dokumenty\aSTT-RUST\INDEX.md
2026-02-19 09:12:37 UPDATED path=C:\Users\adamf\OneDrive\Dokumenty\aSTT-RUST\docs\inventory-refactor-playbook.md
2026-02-19 09:12:48 UPDATED path=C:\Users\adamf\OneDrive\Dokumenty\aSTT-RUST\docs\inventory-refactor-playbook.md
2026-02-19 09:12:48 UPDATED path=C:\Users\adamf\OneDrive\Dokumenty\aSTT-RUST\GOVERNANCE.md
2026-02-19 09:12:49 UPDATED path=C:\Users\adamf\OneDrive\Dokumenty\aSTT-RUST\INDEX.md
2026-02-19 09:12:49 UPDATED path=C:\Users\adamf\OneDrive\Dokumenty\aSTT-RUST\docs\inventory-refactor-playbook.md
2026-02-19 09:13:00 UPDATED path=C:\Users\adamf\OneDrive\Dokumenty\aSTT-RUST\docs\inventory-refactor-playbook.md
2026-02-19 09:13:00 UPDATED path=C:\Users\adamf\OneDrive\Dokumenty\aSTT-RUST\GOVERNANCE.md
2026-02-19 09:13:01 UPDATED path=C:\Users\adamf\OneDrive\Dokumenty\aSTT-RUST\INDEX.md
2026-02-19 09:13:01 UPDATED path=C:\Users\adamf\OneDrive\Dokumenty\aSTT-RUST\docs\inventory-refactor-playbook.md
2026-02-19 09:13:12 UPDATED path=C:\Users\adamf\OneDrive\Dokumenty\aSTT-RUST\docs\inventory-refactor-playbook.md
2026-02-19 09:13:12 UPDATED path=C:\Users\adamf\OneDrive\Dokumenty\aSTT-RUST\GOVERNANCE.md
2026-02-19 09:13:12 UPDATED path=C:\Users\adamf\OneDrive\Dokumenty\aSTT-RUST\INDEX.md
2026-02-19 09:13:13 UPDATED path=C:\Users\adamf\OneDrive\Dokumenty\aSTT-RUST\docs\inventory-refactor-playbook.md
2026-02-19 09:13:23 UPDATED path=C:\Users\adamf\OneDrive\Dokumenty\aSTT-RUST\docs\inventory-refactor-playbook.md
2026-02-19 09:13:24 UPDATED path=C:\Users\adamf\OneDrive\Dokumenty\aSTT-RUST\GOVERNANCE.md
2026-02-19 09:13:24 UPDATED path=C:\Users\adamf\OneDrive\Dokumenty\aSTT-RUST\INDEX.md
2026-02-19 09:13:25 UPDATED path=C:\Users\adamf\OneDrive\Dokumenty\aSTT-RUST\docs\inventory-refactor-playbook.md
2026-02-19 09:13:36 UPDATED path=C:\Users\adamf\OneDrive\Dokumenty\aSTT-RUST\docs\inventory-refactor-playbook.md
2026-02-19 09:13:36 UPDATED path=C:\Users\adamf\OneDrive\Dokumenty\aSTT-RUST\GOVERNANCE.md
2026-02-19 09:13:37 UPDATED path=C:\Users\adamf\OneDrive\Dokumenty\aSTT-RUST\INDEX.md
2026-02-19 09:13:37 UPDATED path=C:\Users\adamf\OneDrive\Dokumenty\aSTT-RUST\docs\inventory-refactor-playbook.md
2026-02-19 09:13:48 UPDATED path=C:\Users\adamf\OneDrive\Dokumenty\aSTT-RUST\docs\inventory-refactor-playbook.md
2026-02-19 09:13:48 UPDATED path=C:\Users\adamf\OneDrive\Dokumenty\aSTT-RUST\GOVERNANCE.md
2026-02-19 09:13:49 UPDATED path=C:\Users\adamf\OneDrive\Dokumenty\aSTT-RUST\INDEX.md
2026-02-19 09:13:49 UPDATED path=C:\Users\adamf\OneDrive\Dokumenty\aSTT-RUST\docs\inventory-refactor-playbook.md
2026-02-19 09:14:00 UPDATED path=C:\Users\adamf\OneDrive\Dokumenty\aSTT-RUST\docs\inventory-refactor-playbook.md
2026-02-19 09:14:00 UPDATED path=C:\Users\adamf\OneDrive\Dokumenty\aSTT-RUST\GOVERNANCE.md
2026-02-19 09:14:01 UPDATED path=C:\Users\adamf\OneDrive\Dokumenty\aSTT-RUST\INDEX.md
2026-02-19 09:14:01 UPDATED path=C:\Users\adamf\OneDrive\Dokumenty\aSTT-RUST\docs\inventory-refactor-playbook.md
2026-02-19 09:14:12 UPDATED path=C:\Users\adamf\OneDrive\Dokumenty\aSTT-RUST\docs\inventory-refactor-playbook.md
2026-02-19 09:14:12 UPDATED path=C:\Users\adamf\OneDrive\Dokumenty\aSTT-RUST\GOVERNANCE.md
2026-02-19 09:14:13 UPDATED path=C:\Users\adamf\OneDrive\Dokumenty\aSTT-RUST\INDEX.md
2026-02-19 09:14:13 UPDATED path=C:\Users\adamf\OneDrive\Dokumenty\aSTT-RUST\docs\inventory-refactor-playbook.md
2026-02-19 09:14:24 UPDATED path=C:\Users\adamf\OneDrive\Dokumenty\aSTT-RUST\docs\inventory-refactor-playbook.md
2026-02-19 09:14:24 UPDATED path=C:\Users\adamf\OneDrive\Dokumenty\aSTT-RUST\GOVERNANCE.md
2026-02-19 09:14:25 UPDATED path=C:\Users\adamf\OneDrive\Dokumenty\aSTT-RUST\INDEX.md
2026-02-19 09:14:25 UPDATED path=C:\Users\adamf\OneDrive\Dokumenty\aSTT-RUST\docs\inventory-refactor-playbook.md
2026-02-19 09:14:36 UPDATED path=C:\Users\adamf\OneDrive\Dokumenty\aSTT-RUST\docs\inventory-refactor-playbook.md
2026-02-19 09:14:36 UPDATED path=C:\Users\adamf\OneDrive\Dokumenty\aSTT-RUST\GOVERNANCE.md
2026-02-19 09:14:37 UPDATED path=C:\Users\adamf\OneDrive\Dokumenty\aSTT-RUST\INDEX.md
2026-02-19 09:14:37 UPDATED path=C:\Users\adamf\OneDrive\Dokumenty\aSTT-RUST\docs\inventory-refactor-playbook.md
2026-02-19 09:14:48 UPDATED path=C:\Users\adamf\OneDrive\Dokumenty\aSTT-RUST\docs\inventory-refactor-playbook.md
2026-02-19 09:14:49 UPDATED path=C:\Users\adamf\OneDrive\Dokumenty\aSTT-RUST\GOVERNANCE.md
2026-02-19 09:14:50 UPDATED path=C:\Users\adamf\OneDrive\Dokumenty\aSTT-RUST\INDEX.md
2026-02-19 09:14:50 UPDATED path=C:\Users\adamf\OneDrive\Dokumenty\aSTT-RUST\docs\inventory-refactor-playbook.md
2026-02-19 09:15:01 UPDATED path=C:\Users\adamf\OneDrive\Dokumenty\aSTT-RUST\docs\inventory-refactor-playbook.md
2026-02-19 09:15:01 UPDATED path=C:\Users\adamf\OneDrive\Dokumenty\aSTT-RUST\GOVERNANCE.md
2026-02-19 09:15:02 UPDATED path=C:\Users\adamf\OneDrive\Dokumenty\aSTT-RUST\INDEX.md
2026-02-19 09:15:02 UPDATED path=C:\Users\adamf\OneDrive\Dokumenty\aSTT-RUST\docs\inventory-refactor-playbook.md
2026-02-19 09:15:13 UPDATED path=C:\Users\adamf\OneDrive\Dokumenty\aSTT-RUST\docs\inventory-refactor-playbook.md
2026-02-19 09:15:13 UPDATED path=C:\Users\adamf\OneDrive\Dokumenty\aSTT-RUST\GOVERNANCE.md
2026-02-19 09:15:14 UPDATED path=C:\Users\adamf\OneDrive\Dokumenty\aSTT-RUST\INDEX.md
2026-02-19 09:15:14 UPDATED path=C:\Users\adamf\OneDrive\Dokumenty\aSTT-RUST\docs\inventory-refactor-playbook.md
2026-02-19 09:15:25 UPDATED path=C:\Users\adamf\OneDrive\Dokumenty\aSTT-RUST\docs\inventory-refactor-playbook.md
2026-02-19 09:15:25 UPDATED path=C:\Users\adamf\OneDrive\Dokumenty\aSTT-RUST\GOVERNANCE.md
2026-02-19 09:15:26 UPDATED path=C:\Users\adamf\OneDrive\Dokumenty\aSTT-RUST\INDEX.md
2026-02-19 09:15:26 UPDATED path=C:\Users\adamf\OneDrive\Dokumenty\aSTT-RUST\docs\inventory-refactor-playbook.md
2026-02-19 09:15:37 UPDATED path=C:\Users\adamf\OneDrive\Dokumenty\aSTT-RUST\docs\inventory-refactor-playbook.md
2026-02-19 09:15:37 UPDATED path=C:\Users\adamf\OneDrive\Dokumenty\aSTT-RUST\GOVERNANCE.md
2026-02-19 09:15:37 UPDATED path=C:\Users\adamf\OneDrive\Dokumenty\aSTT-RUST\INDEX.md
2026-02-19 09:15:38 UPDATED path=C:\Users\adamf\OneDrive\Dokumenty\aSTT-RUST\docs\inventory-refactor-playbook.md
2026-02-19 09:15:48 UPDATED path=C:\Users\adamf\OneDrive\Dokumenty\aSTT-RUST\docs\inventory-refactor-playbook.md
2026-02-19 09:15:49 UPDATED path=C:\Users\adamf\OneDrive\Dokumenty\aSTT-RUST\GOVERNANCE.md
2026-02-19 09:15:49 UPDATED path=C:\Users\adamf\OneDrive\Dokumenty\aSTT-RUST\INDEX.md
2026-02-19 09:15:59 UPDATED path=C:\Users\adamf\OneDrive\Dokumenty\aSTT-RUST\docs\inventory-refactor-playbook.md
2026-02-19 09:16:00 UPDATED path=C:\Users\adamf\OneDrive\Dokumenty\aSTT-RUST\GOVERNANCE.md
2026-02-19 09:16:00 UPDATED path=C:\Users\adamf\OneDrive\Dokumenty\aSTT-RUST\INDEX.md
2026-02-19 09:16:01 UPDATED path=C:\Users\adamf\OneDrive\Dokumenty\aSTT-RUST\docs\inventory-refactor-playbook.md
2026-02-19 09:16:11 UPDATED path=C:\Users\adamf\OneDrive\Dokumenty\aSTT-RUST\GOVERNANCE.md
2026-02-19 09:16:12 UPDATED path=C:\Users\adamf\OneDrive\Dokumenty\aSTT-RUST\INDEX.md
2026-02-19 09:16:12 UPDATED path=C:\Users\adamf\OneDrive\Dokumenty\aSTT-RUST\docs\inventory-refactor-playbook.md
2026-02-19 09:16:12 UPDATED path=C:\Users\adamf\OneDrive\Dokumenty\aSTT-RUST\GOVERNANCE.md
2026-02-19 09:16:23 UPDATED path=C:\Users\adamf\OneDrive\Dokumenty\aSTT-RUST\INDEX.md
2026-02-19 09:16:23 UPDATED path=C:\Users\adamf\OneDrive\Dokumenty\aSTT-RUST\docs\inventory-refactor-playbook.md
2026-02-19 09:16:24 UPDATED path=C:\Users\adamf\OneDrive\Dokumenty\aSTT-RUST\GOVERNANCE.md
2026-02-19 09:16:24 UPDATED path=C:\Users\adamf\OneDrive\Dokumenty\aSTT-RUST\INDEX.md
2026-02-19 09:16:34 UPDATED path=C:\Users\adamf\OneDrive\Dokumenty\aSTT-RUST\docs\inventory-refactor-playbook.md
2026-02-19 09:16:35 UPDATED path=C:\Users\adamf\OneDrive\Dokumenty\aSTT-RUST\GOVERNANCE.md
2026-02-19 09:16:35 UPDATED path=C:\Users\adamf\OneDrive\Dokumenty\aSTT-RUST\INDEX.md
2026-02-19 09:16:46 UPDATED path=C:\Users\adamf\OneDrive\Dokumenty\aSTT-RUST\GOVERNANCE.md
2026-02-19 09:16:46 UPDATED path=C:\Users\adamf\OneDrive\Dokumenty\aSTT-RUST\INDEX.md
2026-02-19 09:27:27 UPDATED path=C:\Users\adamf\OneDrive\Dokumenty\aSTT-RUST\NEXT_SESSION_Archive\NEXT_SESSION.md
2026-02-19 09:27:58 UPDATED path=C:\Users\adamf\OneDrive\Dokumenty\aSTT-RUST\NEXT_SESSION_Archive\NEXT_SESSION-2026-02-17--14-44.md
2026-02-19 09:28:08 UPDATED path=C:\Users\adamf\OneDrive\Dokumenty\aSTT-RUST\NEXT_SESSION.md
2026-02-19 09:33:59 UPDATED path=C:\Users\adamf\OneDrive\Dokumenty\aSTT-RUST\INDEX.md
2026-02-19 09:33:59 UPDATED path=C:\Users\adamf\OneDrive\Dokumenty\aSTT-RUST\GOVERNANCE.md
2026-02-19 09:35:00 UPDATED path=C:\Users\adamf\OneDrive\Dokumenty\aSTT-RUST\GOVERNANCE.md
2026-02-19 09:35:20 UPDATED path=C:\Users\adamf\OneDrive\Dokumenty\aSTT-RUST\NEXT_SESSION.md
2026-02-19 09:39:01 UPDATED path=C:\Users\adamf\OneDrive\Dokumenty\aSTT-RUST\CONSTITUTION.md
2026-02-19 09:39:01 UPDATED path=C:\Users\adamf\OneDrive\Dokumenty\aSTT-RUST\VISION.md
2026-02-19 09:39:32 UPDATED path=C:\Users\adamf\OneDrive\Dokumenty\aSTT-RUST\NEXT_SESSION.md
2026-02-19 10:31:06 UPDATED path=C:\Users\adamf\OneDrive\Dokumenty\aSTT-RUST\NEXT_SESSION.md
